{
  "scenario": "random_persistent_open",
  "legacy_fixed_graph": false,
  "seed": 2,
  "temperature_coordinate": "normalized",
  "steps": 2000,
  "episodes": 1,
  "gradient_steps": 1700,
  "actor_updates": 1700,
  "critic_updates": 1700,
  "accepted_actor_samples": 100449,
  "total_reward": -32.7215613892054,
  "aggregate_metrics": {
    "total_steps": 2000,
    "total_reward": -32.7215613892054,
    "tasks_completed": 0,
    "tasks_per_1000_steps": 0.0,
    "task_completion_count": 0,
    "task_completion_steps": [],
    "mean_task_completion_steps": null,
    "voluntary_station_arrivals": 1,
    "backup_recovery_count": 9,
    "backup_intervention_reward_events": 9,
    "backup_rate": 0.0045,
    "charging_visits": 2,
    "charging_steps": 62,
    "charging_fraction": 0.031,
    "energy_charged": 24.79999999999997,
    "departure_attempts": 0,
    "departure_rejections": 0,
    "generator_accepted_steps": 1615,
    "generator_acceptance_rate": 0.8075,
    "no_generator_steps": 8,
    "no_generator_rate": 0.004,
    "energy_consumed": 24.129154070142338,
    "energy_per_task": 24.129154070142338,
    "minimum_energy_margin": 0.9927904049936283,
    "collision_count": 0,
    "energy_depletion_count": 0,
    "uncertified_publication_count": 0,
    "invalid_kappa_fallback_count": 0,
    "rl_generator_steps": 1615,
    "rl_generator_fraction": 0.8075,
    "kappa_backup_steps": 385,
    "kappa_backup_fraction": 0.1925,
    "charger_constrained_steps": 0,
    "charger_constrained_fraction": 0.0,
    "fail_closed_steps": 0,
    "fail_closed_fraction": 0.0,
    "accepted_into_kappa_only_count": 0,
    "total_goal_progress": -0.6886459821911164,
    "fraction_steps_progressing_to_goal": 0.5165,
    "mean_goal_progress_per_step": -0.0003443229910955582,
    "energy_margin_at_backup": [
      0.9927904049936283,
      2.0267333156571374,
      2.414679958199779,
      2.802652491132619,
      3.190644708128599,
      3.5786341518864138,
      3.966615818989644,
      4.354592180117821,
      4.742565363987093
    ],
    "energy_margin_at_station_approach": [
      14.382754317794378
    ],
    "energy_on_station_arrival": [
      2.8772333156571377,
      15.814508123122604
    ],
    "energy_on_departure": [
      16.067557274647953,
      26.677317144524572
    ],
    "charge_durations": []
  },
  "last_episode_metrics": {
    "episode_id": 0,
    "episode_seed": 2,
    "start_position": [
      3.122576886633731,
      3.1558940635225983,
      0.998313400783373
    ],
    "initial_goal": [
      3.15147276706653,
      1.3811685460871748,
      1.0
    ],
    "steps": 2000,
    "return": -32.7215613892054,
    "tasks_completed": 0,
    "voluntary_station_arrivals": 1,
    "backup_recoveries": 9,
    "backup_intervention_reward_events": 9,
    "kappa_backup_steps": 385,
    "charging_visits": 2,
    "charging_steps": 62,
    "generator_accepted_steps": 1615,
    "no_generator_steps": 8,
    "minimum_energy_margin": 0.9927904049936283,
    "collision_count": 0,
    "energy_depletion_count": 0,
    "uncertified_publication_count": 0,
    "invalid_kappa_fallback_count": 0,
    "goal_progress": -0.6886459821911164,
    "goal_sequence": [
      [
        3.15147276706653,
        1.3811685460871748,
        1.0
      ]
    ],
    "terminated": false,
    "truncated": false,
    "partial": true
  },
  "last_update": {
    "critic_loss_1": 0.7772283554077148,
    "critic_loss_2": 0.7654403448104858,
    "actor_loss": 40.172340393066406,
    "alpha_loss": -2.598599910736084,
    "alpha": 0.6004751920700073,
    "mean_log_prob": 6.01818323135376,
    "mean_log_det_G": -8.116135597229004,
    "mean_tanh_log_jacobian": -1.8991961479187012,
    "temperature_coordinate": "normalized",
    "q_value_exec": -33.095272064208984,
    "accepted_batch_count": 53,
    "fallback_batch_count": 11,
    "accepted_batch_fraction": 0.828125,
    "actor_status": "updated",
    "critic_gradient_norm": 11.251985549926758,
    "actor_gradient_norm": 0.305279403924942,
    "mean_reward": -0.028245403333324922,
    "mean_bellman_target": -32.995750427246094,
    "mean_td_error": 0.09952549636363983,
    "mean_log_prob_u": -3.997147560119629,
    "mean_negative_tanh_log_jacobian": 1.8991961479187012,
    "mean_negative_log_det_G": 8.116135597229004,
    "mean_normalized_log_prob": -2.097951650619507,
    "entropy_target_residual": -5.097951412200928,
    "physical_entropy_target_residual": 3.018183469772339,
    "normalized_entropy_target_residual": -5.097951412200928,
    "alpha_gradient": 5.097951412200928,
    "mean_u": 0.05843362957239151,
    "std_u": 0.9114078283309937,
    "mean_abs_u": 0.7138645648956299,
    "max_abs_u": 2.758265256881714,
    "mean_eta": 0.039406031370162964,
    "std_eta": 0.5861928462982178,
    "eta_abs_gt_090": 0.138364776968956,
    "eta_abs_gt_095": 0.050314463675022125,
    "eta_abs_gt_099": 0.006289307959377766,
    "u_abs_gt_2": 0.025157231837511063,
    "u_abs_gt_3": 0.0,
    "u_abs_gt_5": 0.0,
    "generator_target_count": 53,
    "fallback_target_count": 11,
    "target_batch_count": 64,
    "rl_generator_target_count": 53,
    "charger_target_count": 0,
    "kappa_target_count": 11,
    "charger_atomic_target_count": 0,
    "fail_closed_target_count": 0
  },
  "artifact_paths": {
    "episodes": "artifacts/temp_compare_normalized_seed2/episodes.jsonl",
    "learning_curve": "artifacts/temp_compare_normalized_seed2/learning_curve.jsonl",
    "trajectory_events": "artifacts/temp_compare_normalized_seed2/trajectory_events.jsonl",
    "checkpoint": "artifacts/temp_compare_normalized_seed2/checkpoint_latest.pt"
  },
  "synthetic_only": true
}
