{"T_certificate_p99_seconds": null, "T_plant_p99_seconds": 0.002132511071977205, "T_policy_p99_seconds": 0.0007037732412572949, "T_total_p99_seconds": 0.002132511071977205, "T_watchdog_p99_seconds": null, "certificate_failure_rate": 0.0, "collision_episode_rate": 0.6444444444444445, "corridor_exit_rate": 0.0, "energy_depletion_rate": 0.0, "environment_steps": 2000, "episodes": 45, "evaluation_return_success_rate": 0.0, "evaluation_task_success_rate": 0.0, "evidence_scope": "synthetic empirical training only", "fallback_rate": 0.0, "fallback_with_invalid_kappa": 0, "generator_acceptance_rate": 0.0, "mean_condition_number": 0.0, "mean_episode_length": 43.86666666666667, "mean_episode_return": -5.877903686320311, "mean_sigma_min": 0.0, "mean_zonotope_volume": 0.0, "method": "sac", "min_zonotope_volume": 0.0, "minimum_distance_to_task": 1.5673849705942902, "minimum_energy_margin": null, "mission_certificate_gate": "not_applicable", "no_generator_set_rate": 0.0, "other_failure_rate": 0.0, "outbound_fallback_rate": 0.0, "premature_terminal_rate": 0.0, "return_success_rate": 0.0, "runtime_max_seconds": 0.003065793018322438, "runtime_median_seconds": 0.001366616488667205, "runtime_p95_seconds": 0.0017288367613218724, "runtime_p99_seconds": 0.002132511071977205, "scenario": "mission_narrow", "seed": 0, "shield_acceptance_rate": 0.0, "task_action_execution_rate": 1.0, "task_completion_time_mean": null, "task_success_rate": 0.0, "terminal_energy_mean": 29.464564071554616, "termination_reason_counts": {"COLLISION": 29, "VELOCITY_LIMIT": 16}, "timing_semantics": "policy-and-plant-profiled; certificate not_applicable", "uncertified_task_publication_count": 0, "velocity_failure_rate": 0.35555555555555557, "wall_time_seconds": 15.86848738399567}
{"T_certificate_p99_seconds": null, "T_plant_p99_seconds": 0.0022402844083262608, "T_policy_p99_seconds": 0.0007457157527096568, "T_total_p99_seconds": 0.0022402844083262608, "T_watchdog_p99_seconds": null, "certificate_failure_rate": 0.0, "collision_episode_rate": 0.575, "corridor_exit_rate": 0.0, "energy_depletion_rate": 0.0, "environment_steps": 2000, "episodes": 40, "evaluation_return_success_rate": 0.0, "evaluation_task_success_rate": 0.0, "evidence_scope": "synthetic empirical training only", "fallback_rate": 0.0, "fallback_with_invalid_kappa": 0, "generator_acceptance_rate": 0.0, "mean_condition_number": 0.0, "mean_episode_length": 49.375, "mean_episode_return": -4.060015182221539, "mean_sigma_min": 0.0, "mean_zonotope_volume": 0.0, "method": "sac", "min_zonotope_volume": 0.0, "minimum_distance_to_task": 0.9985485370468538, "minimum_energy_margin": null, "mission_certificate_gate": "not_applicable", "no_generator_set_rate": 0.0, "other_failure_rate": 0.0, "outbound_fallback_rate": 0.0, "premature_terminal_rate": 0.0, "return_success_rate": 0.0, "runtime_max_seconds": 0.004345655033830553, "runtime_median_seconds": 0.0013656950031872839, "runtime_p95_seconds": 0.0018217566073872149, "runtime_p99_seconds": 0.0022402844083262608, "scenario": "mission_narrow", "seed": 1, "shield_acceptance_rate": 0.0, "task_action_execution_rate": 1.0, "task_completion_time_mean": null, "task_success_rate": 0.0, "terminal_energy_mean": 29.397697032361727, "termination_reason_counts": {"COLLISION": 23, "VELOCITY_LIMIT": 17}, "timing_semantics": "policy-and-plant-profiled; certificate not_applicable", "uncertified_task_publication_count": 0, "velocity_failure_rate": 0.425, "wall_time_seconds": 15.54346723400522}
{"T_certificate_p99_seconds": null, "T_plant_p99_seconds": 0.002197377152042463, "T_policy_p99_seconds": 0.0007164770911913365, "T_total_p99_seconds": 0.002197377152042463, "T_watchdog_p99_seconds": null, "certificate_failure_rate": 0.0, "collision_episode_rate": 0.7368421052631579, "corridor_exit_rate": 0.0, "energy_depletion_rate": 0.0, "environment_steps": 2000, "episodes": 38, "evaluation_return_success_rate": 0.0, "evaluation_task_success_rate": 0.0, "evidence_scope": "synthetic empirical training only", "fallback_rate": 0.0, "fallback_with_invalid_kappa": 0, "generator_acceptance_rate": 0.0, "mean_condition_number": 0.0, "mean_episode_length": 51.23684210526316, "mean_episode_return": -5.960286726806741, "mean_sigma_min": 0.0, "mean_zonotope_volume": 0.0, "method": "sac", "min_zonotope_volume": 0.0, "minimum_distance_to_task": 0.7805359332849936, "minimum_energy_margin": null, "mission_certificate_gate": "not_applicable", "no_generator_set_rate": 0.0, "other_failure_rate": 0.0, "outbound_fallback_rate": 0.0, "premature_terminal_rate": 0.0, "return_success_rate": 0.0, "runtime_max_seconds": 0.0032159769907593727, "runtime_median_seconds": 0.0013686789898201823, "runtime_p95_seconds": 0.0017766841017873957, "runtime_p99_seconds": 0.002197377152042463, "scenario": "mission_narrow", "seed": 2, "shield_acceptance_rate": 0.0, "task_action_execution_rate": 1.0, "task_completion_time_mean": null, "task_success_rate": 0.0, "terminal_energy_mean": 29.374879480021466, "termination_reason_counts": {"COLLISION": 28, "VELOCITY_LIMIT": 10}, "timing_semantics": "policy-and-plant-profiled; certificate not_applicable", "uncertified_task_publication_count": 0, "velocity_failure_rate": 0.2631578947368421, "wall_time_seconds": 16.033269296982326}
{"T_certificate_p99_seconds": null, "T_plant_p99_seconds": 0.002132445063325576, "T_policy_p99_seconds": 0.0007088485616259277, "T_total_p99_seconds": 0.002132445063325576, "T_watchdog_p99_seconds": null, "certificate_failure_rate": 0.0, "collision_episode_rate": 0.7441860465116279, "corridor_exit_rate": 0.0, "energy_depletion_rate": 0.0, "environment_steps": 2000, "episodes": 43, "evaluation_return_success_rate": 0.0, "evaluation_task_success_rate": 0.0, "evidence_scope": "synthetic empirical training only", "fallback_rate": 0.0, "fallback_with_invalid_kappa": 0, "generator_acceptance_rate": 0.0, "mean_condition_number": 0.0, "mean_episode_length": 45.883720930232556, "mean_episode_return": -27.370179768282945, "mean_sigma_min": 0.0, "mean_zonotope_volume": 0.0, "method": "penalty_sac", "min_zonotope_volume": 0.0, "minimum_distance_to_task": 1.7778669172342034, "minimum_energy_margin": null, "mission_certificate_gate": "not_applicable", "no_generator_set_rate": 0.0, "other_failure_rate": 0.0, "outbound_fallback_rate": 0.0, "premature_terminal_rate": 0.0, "return_success_rate": 0.0, "runtime_max_seconds": 0.005099894013255835, "runtime_median_seconds": 0.0013566079724114388, "runtime_p95_seconds": 0.0017502095986856147, "runtime_p99_seconds": 0.002132445063325576, "scenario": "mission_narrow", "seed": 0, "shield_acceptance_rate": 0.0, "task_action_execution_rate": 1.0, "task_completion_time_mean": null, "task_success_rate": 0.0, "terminal_energy_mean": 29.439778427136332, "termination_reason_counts": {"COLLISION": 32, "VELOCITY_LIMIT": 11}, "timing_semantics": "policy-and-plant-profiled; certificate not_applicable", "uncertified_task_publication_count": 0, "velocity_failure_rate": 0.2558139534883721, "wall_time_seconds": 17.620666242029984}
{"T_certificate_p99_seconds": null, "T_plant_p99_seconds": 0.0023030395084060727, "T_policy_p99_seconds": 0.0007527993264375254, "T_total_p99_seconds": 0.0023030395084060727, "T_watchdog_p99_seconds": null, "certificate_failure_rate": 0.0, "collision_episode_rate": 0.6153846153846154, "corridor_exit_rate": 0.0, "energy_depletion_rate": 0.0, "environment_steps": 2000, "episodes": 39, "evaluation_return_success_rate": 0.0, "evaluation_task_success_rate": 0.0, "evidence_scope": "synthetic empirical training only", "fallback_rate": 0.0, "fallback_with_invalid_kappa": 0, "generator_acceptance_rate": 0.0, "mean_condition_number": 0.0, "mean_episode_length": 51.17948717948718, "mean_episode_return": -24.262089848627312, "mean_sigma_min": 0.0, "mean_zonotope_volume": 0.0, "method": "penalty_sac", "min_zonotope_volume": 0.0, "minimum_distance_to_task": 1.0801282718802698, "minimum_energy_margin": null, "mission_certificate_gate": "not_applicable", "no_generator_set_rate": 0.0, "other_failure_rate": 0.0, "outbound_fallback_rate": 0.0, "premature_terminal_rate": 0.0, "return_success_rate": 0.0, "runtime_max_seconds": 0.0030325529514811933, "runtime_median_seconds": 0.0013705564779229462, "runtime_p95_seconds": 0.0018823649472324178, "runtime_p99_seconds": 0.0023030395084060727, "scenario": "mission_narrow", "seed": 1, "shield_acceptance_rate": 0.0, "task_action_execution_rate": 1.0, "task_completion_time_mean": null, "task_success_rate": 0.0, "terminal_energy_mean": 29.375588321094146, "termination_reason_counts": {"COLLISION": 24, "VELOCITY_LIMIT": 15}, "timing_semantics": "policy-and-plant-profiled; certificate not_applicable", "uncertified_task_publication_count": 0, "velocity_failure_rate": 0.38461538461538464, "wall_time_seconds": 16.382232624979224}
{"T_certificate_p99_seconds": null, "T_plant_p99_seconds": 0.0022772523172898216, "T_policy_p99_seconds": 0.0006949599925428628, "T_total_p99_seconds": 0.0022772523172898216, "T_watchdog_p99_seconds": null, "certificate_failure_rate": 0.0, "collision_episode_rate": 0.7142857142857143, "corridor_exit_rate": 0.0, "energy_depletion_rate": 0.0, "environment_steps": 2000, "episodes": 35, "evaluation_return_success_rate": 0.0, "evaluation_task_success_rate": 0.0, "evidence_scope": "synthetic empirical training only", "fallback_rate": 0.0, "fallback_with_invalid_kappa": 0, "generator_acceptance_rate": 0.0, "mean_condition_number": 0.0, "mean_episode_length": 54.91428571428571, "mean_episode_return": -23.611339133021616, "mean_sigma_min": 0.0, "mean_zonotope_volume": 0.0, "method": "penalty_sac", "min_zonotope_volume": 0.0, "minimum_distance_to_task": 0.8805539736197906, "minimum_energy_margin": null, "mission_certificate_gate": "not_applicable", "no_generator_set_rate": 0.0, "other_failure_rate": 0.0, "outbound_fallback_rate": 0.0, "premature_terminal_rate": 0.0, "return_success_rate": 0.0, "runtime_max_seconds": 0.0031055849976837635, "runtime_median_seconds": 0.0013621220423374325, "runtime_p95_seconds": 0.0017943913087947294, "runtime_p99_seconds": 0.0022772523172898216, "scenario": "mission_narrow", "seed": 2, "shield_acceptance_rate": 0.0, "task_action_execution_rate": 1.0, "task_completion_time_mean": null, "task_success_rate": 0.0, "terminal_energy_mean": 29.32994005369663, "termination_reason_counts": {"COLLISION": 25, "VELOCITY_LIMIT": 10}, "timing_semantics": "policy-and-plant-profiled; certificate not_applicable", "uncertified_task_publication_count": 0, "velocity_failure_rate": 0.2857142857142857, "wall_time_seconds": 16.28328395204153}
{"T_certificate_p99_seconds": 0.0045409912959439675, "T_plant_p99_seconds": 0.001633669958100654, "T_policy_p99_seconds": 0.0007596516836201771, "T_total_p99_seconds": 0.01593619451567065, "T_watchdog_p99_seconds": 3.9066496537998315e-05, "certificate_failure_rate": 0.0, "collision_episode_rate": 0.0, "corridor_exit_rate": 0.0, "energy_depletion_rate": 0.0, "environment_steps": 2000, "episodes": 19, "evaluation_return_success_rate": 1.0, "evaluation_task_success_rate": 0.0, "evidence_scope": "synthetic empirical training only", "fallback_rate": 0.973, "fallback_with_invalid_kappa": 0, "generator_acceptance_rate": 0.0, "mean_condition_number": 0.0, "mean_episode_length": 102.6842105263158, "mean_episode_return": 25.998762818426968, "mean_sigma_min": 0.0, "mean_zonotope_volume": 0.0, "method": "shield_sac", "min_zonotope_volume": 0.0, "minimum_distance_to_task": 2.598943651317699, "minimum_energy_margin": 27.244156595322583, "mission_certificate_gate": "PASS", "no_generator_set_rate": 0.0, "other_failure_rate": 0.0, "outbound_fallback_rate": 0.3197368421052631, "premature_terminal_rate": 1.0, "return_success_rate": 1.0, "runtime_max_seconds": 0.01668361504562199, "runtime_median_seconds": 0.005331774998921901, "runtime_p95_seconds": 0.007762090643518604, "runtime_p99_seconds": 0.014104654568945989, "scenario": "mission_narrow", "seed": 0, "shield_acceptance_rate": 0.027, "task_action_execution_rate": 0.027, "task_completion_time_mean": null, "task_success_rate": 0.0, "terminal_energy_mean": 28.752265109797552, "termination_reason_counts": {"PREMATURE_TERMINAL": 19}, "timing_semantics": "profiled", "uncertified_task_publication_count": 0, "velocity_failure_rate": 0.0, "wall_time_seconds": 45.380763066001236}
{"T_certificate_p99_seconds": 0.004543440074194223, "T_plant_p99_seconds": 0.0015749805333325638, "T_policy_p99_seconds": 0.0007192701927851886, "T_total_p99_seconds": 0.01583425743447151, "T_watchdog_p99_seconds": 4.263817216269672e-05, "certificate_failure_rate": 0.0, "collision_episode_rate": 0.0, "corridor_exit_rate": 0.0, "energy_depletion_rate": 0.0, "environment_steps": 2000, "episodes": 19, "evaluation_return_success_rate": 1.0, "evaluation_task_success_rate": 0.0, "evidence_scope": "synthetic empirical training only", "fallback_rate": 0.9785, "fallback_with_invalid_kappa": 0, "generator_acceptance_rate": 0.0, "mean_condition_number": 0.0, "mean_episode_length": 102.15789473684211, "mean_episode_return": 26.016689826308966, "mean_sigma_min": 0.0, "mean_zonotope_volume": 0.0, "method": "shield_sac", "min_zonotope_volume": 0.0, "minimum_distance_to_task": 2.598785547619155, "minimum_energy_margin": 27.266545593983892, "mission_certificate_gate": "PASS", "no_generator_set_rate": 0.0, "other_failure_rate": 0.0, "outbound_fallback_rate": 0.36190476190476184, "premature_terminal_rate": 1.0, "return_success_rate": 1.0, "runtime_max_seconds": 0.017508850956801325, "runtime_median_seconds": 0.0052959779859520495, "runtime_p95_seconds": 0.006499524909304453, "runtime_p99_seconds": 0.013985501635470427, "scenario": "mission_narrow", "seed": 1, "shield_acceptance_rate": 0.0215, "task_action_execution_rate": 0.0215, "task_completion_time_mean": null, "task_success_rate": 0.0, "terminal_energy_mean": 28.75862427072848, "termination_reason_counts": {"PREMATURE_TERMINAL": 19}, "timing_semantics": "profiled", "uncertified_task_publication_count": 0, "velocity_failure_rate": 0.0, "wall_time_seconds": 45.42650915402919}
{"T_certificate_p99_seconds": 0.00436511202075053, "T_plant_p99_seconds": 0.0016087596339639275, "T_policy_p99_seconds": 0.0007598855200922116, "T_total_p99_seconds": 0.015886653702473268, "T_watchdog_p99_seconds": 4.524076066445557e-05, "certificate_failure_rate": 0.0, "collision_episode_rate": 0.0, "corridor_exit_rate": 0.0, "energy_depletion_rate": 0.0, "environment_steps": 2000, "episodes": 19, "evaluation_return_success_rate": 1.0, "evaluation_task_success_rate": 0.0, "evidence_scope": "synthetic empirical training only", "fallback_rate": 0.9755, "fallback_with_invalid_kappa": 0, "generator_acceptance_rate": 0.0, "mean_condition_number": 0.0, "mean_episode_length": 102.57894736842105, "mean_episode_return": 25.983687937038166, "mean_sigma_min": 0.0, "mean_zonotope_volume": 0.0, "method": "shield_sac", "min_zonotope_volume": 0.0, "minimum_distance_to_task": 2.5982278888397228, "minimum_energy_margin": 27.258059310785374, "mission_certificate_gate": "PASS", "no_generator_set_rate": 0.0, "other_failure_rate": 0.0, "outbound_fallback_rate": 0.33567251461988307, "premature_terminal_rate": 1.0, "return_success_rate": 1.0, "runtime_max_seconds": 0.01628794800490141, "runtime_median_seconds": 0.005317637987900525, "runtime_p95_seconds": 0.007017674189410172, "runtime_p99_seconds": 0.014010244944947771, "scenario": "mission_narrow", "seed": 2, "shield_acceptance_rate": 0.0245, "task_action_execution_rate": 0.0245, "task_completion_time_mean": null, "task_success_rate": 0.0, "terminal_energy_mean": 28.753566783508308, "termination_reason_counts": {"PREMATURE_TERMINAL": 19}, "timing_semantics": "profiled", "uncertified_task_publication_count": 0, "velocity_failure_rate": 0.0, "wall_time_seconds": 45.14516153396107}
{"T_certificate_p99_seconds": 0.0062256323773181065, "T_plant_p99_seconds": 0.0015788593696197495, "T_policy_p99_seconds": 0.0005789211991941556, "T_total_p99_seconds": 0.019397041791817175, "T_watchdog_p99_seconds": 0.0018213807459687814, "certificate_failure_rate": 0.0, "collision_episode_rate": 0.0, "corridor_exit_rate": 0.0, "energy_depletion_rate": 0.0, "environment_steps": 2000, "episodes": 9, "evaluation_return_success_rate": 1.0, "evaluation_task_success_rate": 0.0, "evidence_scope": "synthetic empirical training only", "fallback_rate": 0.75, "fallback_with_invalid_kappa": 0, "generator_acceptance_rate": 0.25, "mean_condition_number": 1.5701870699318088, "mean_episode_length": 209.0, "mean_episode_return": 34.172550549606086, "mean_sigma_min": 0.004000000189989805, "mean_zonotope_volume": 1.273365404702009e-06, "method": "generator_sac", "min_zonotope_volume": 8.413751970692829e-07, "minimum_distance_to_task": 1.4949532888205985, "minimum_energy_margin": 25.903032012220756, "mission_certificate_gate": "PASS", "no_generator_set_rate": 0.005, "other_failure_rate": 0.0, "outbound_fallback_rate": 0.019607843137254943, "premature_terminal_rate": 1.0, "return_success_rate": 1.0, "runtime_max_seconds": 0.02861378900706768, "runtime_median_seconds": 0.004065960994921625, "runtime_p95_seconds": 0.01787213007628452, "runtime_p99_seconds": 0.019020556478062643, "scenario": "mission_narrow", "seed": 0, "shield_acceptance_rate": 0.0, "task_action_execution_rate": 0.25, "task_completion_time_mean": null, "task_success_rate": 0.0, "terminal_energy_mean": 27.463003008124833, "termination_reason_counts": {"PREMATURE_TERMINAL": 9}, "timing_semantics": "profiled", "uncertified_task_publication_count": 0, "velocity_failure_rate": 0.0, "wall_time_seconds": 69.01629957801197}
{"T_certificate_p99_seconds": 0.0063565385830588635, "T_plant_p99_seconds": 0.0016216206416720523, "T_policy_p99_seconds": 0.0006086260097799823, "T_total_p99_seconds": 0.020846569838467985, "T_watchdog_p99_seconds": 0.0018611515604425222, "certificate_failure_rate": 0.0, "collision_episode_rate": 0.0, "corridor_exit_rate": 0.0, "energy_depletion_rate": 0.0, "environment_steps": 2000, "episodes": 9, "evaluation_return_success_rate": 1.0, "evaluation_task_success_rate": 0.0, "evidence_scope": "synthetic empirical training only", "fallback_rate": 0.75, "fallback_with_invalid_kappa": 0, "generator_acceptance_rate": 0.25, "mean_condition_number": 1.5701870699318088, "mean_episode_length": 209.0, "mean_episode_return": 34.169579939364155, "mean_sigma_min": 0.004000000189989805, "mean_zonotope_volume": 1.273365404702009e-06, "method": "generator_sac", "min_zonotope_volume": 8.413751970692829e-07, "minimum_distance_to_task": 1.4950010526091373, "minimum_energy_margin": 25.90301958542946, "mission_certificate_gate": "PASS", "no_generator_set_rate": 0.005, "other_failure_rate": 0.0, "outbound_fallback_rate": 0.019607843137254943, "premature_terminal_rate": 1.0, "return_success_rate": 1.0, "runtime_max_seconds": 0.024932013999205083, "runtime_median_seconds": 0.00415380802587606, "runtime_p95_seconds": 0.018010152986971662, "runtime_p99_seconds": 0.020327558307908476, "scenario": "mission_narrow", "seed": 1, "shield_acceptance_rate": 0.0, "task_action_execution_rate": 0.25, "task_completion_time_mean": null, "task_success_rate": 0.0, "terminal_energy_mean": 27.46300107353266, "termination_reason_counts": {"PREMATURE_TERMINAL": 9}, "timing_semantics": "profiled", "uncertified_task_publication_count": 0, "velocity_failure_rate": 0.0, "wall_time_seconds": 70.08560432400554}
{"T_certificate_p99_seconds": 0.0061985003866720945, "T_plant_p99_seconds": 0.0016196049220161511, "T_policy_p99_seconds": 0.000597624968504533, "T_total_p99_seconds": 0.019309761173208245, "T_watchdog_p99_seconds": 0.0017904469702625647, "certificate_failure_rate": 0.0, "collision_episode_rate": 0.0, "corridor_exit_rate": 0.0, "energy_depletion_rate": 0.0, "environment_steps": 2000, "episodes": 9, "evaluation_return_success_rate": 1.0, "evaluation_task_success_rate": 0.0, "evidence_scope": "synthetic empirical training only", "fallback_rate": 0.75, "fallback_with_invalid_kappa": 0, "generator_acceptance_rate": 0.25, "mean_condition_number": 1.5701870699318088, "mean_episode_length": 209.0, "mean_episode_return": 34.17338303594852, "mean_sigma_min": 0.004000000189989805, "mean_zonotope_volume": 1.273365404702009e-06, "method": "generator_sac", "min_zonotope_volume": 8.413751970692829e-07, "minimum_distance_to_task": 1.495124553341389, "minimum_energy_margin": 25.903027866920475, "mission_certificate_gate": "PASS", "no_generator_set_rate": 0.005, "other_failure_rate": 0.0, "outbound_fallback_rate": 0.019607843137254943, "premature_terminal_rate": 1.0, "return_success_rate": 1.0, "runtime_max_seconds": 0.02423299796646461, "runtime_median_seconds": 0.004089313530130312, "runtime_p95_seconds": 0.017851418480859138, "runtime_p99_seconds": 0.01890953313559294, "scenario": "mission_narrow", "seed": 2, "shield_acceptance_rate": 0.0, "task_action_execution_rate": 0.25, "task_completion_time_mean": null, "task_success_rate": 0.0, "terminal_energy_mean": 27.462995572757237, "termination_reason_counts": {"PREMATURE_TERMINAL": 9}, "timing_semantics": "profiled", "uncertified_task_publication_count": 0, "velocity_failure_rate": 0.0, "wall_time_seconds": 68.69586580898613}
{
  "runs": 12,
  "aggregate_rows": [
    {
      "method": "generator_sac",
      "scenario": "mission_energy_tight",
      "seeds": 3,
      "task_success_rate_mean": 0.0,
      "task_success_rate_std": 0.0,
      "return_success_rate_mean": 1.0,
      "return_success_rate_std": 0.0,
      "collision_episode_rate_mean": 0.0,
      "collision_episode_rate_std": 0.0,
      "energy_depletion_rate_mean": 0.0,
      "energy_depletion_rate_std": 0.0,
      "mean_episode_return_mean": 28.538860401105556,
      "mean_episode_return_std": 0.004145671722863431,
      "fallback_rate_mean": 0.93,
      "fallback_rate_std": 0.0,
      "outbound_fallback_rate_mean": 0.0,
      "outbound_fallback_rate_std": 0.0,
      "no_generator_set_rate_mean": 0.0,
      "no_generator_set_rate_std": 0.0,
      "mean_zonotope_volume_mean": 1.987213872430752e-06,
      "mean_zonotope_volume_std": 0.0,
      "mean_sigma_min_mean": 0.004000000189989805,
      "mean_sigma_min_std": 0.0,
      "terminal_energy_mean_mean": 2.8971220791145527,
      "terminal_energy_mean_std": 1.976228991715755e-06,
      "minimum_energy_margin_mean": 1.2831075259033893,
      "minimum_energy_margin_std": 3.265387358659687e-06,
      "runtime_p99_seconds_mean": 0.012733279077995879,
      "runtime_p99_seconds_std": 2.9979501139066048e-05,
      "T_policy_p99_seconds_mean": 0.0005717222454647222,
      "T_policy_p99_seconds_std": 1.7544232328557373e-05,
      "T_certificate_p99_seconds_mean": 0.003127783663803712,
      "T_certificate_p99_seconds_std": 1.721991844745552e-05,
      "T_total_p99_seconds_mean": 0.013036590510358414,
      "T_total_p99_seconds_std": 1.0924253014231607e-05,
      "wall_time_seconds_mean": 48.21417757234303,
      "wall_time_seconds_std": 0.2989726976025327
    },
    {
      "method": "generator_sac",
      "scenario": "mission_narrow",
      "seeds": 3,
      "task_success_rate_mean": 0.0,
      "task_success_rate_std": 0.0,
      "return_success_rate_mean": 1.0,
      "return_success_rate_std": 0.0,
      "collision_episode_rate_mean": 0.0,
      "collision_episode_rate_std": 0.0,
      "energy_depletion_rate_mean": 0.0,
      "energy_depletion_rate_std": 0.0,
      "mean_episode_return_mean": 34.17183784163959,
      "mean_episode_return_std": 0.0016323501241324438,
      "fallback_rate_mean": 0.75,
      "fallback_rate_std": 0.0,
      "outbound_fallback_rate_mean": 0.019607843137254943,
      "outbound_fallback_rate_std": 0.0,
      "no_generator_set_rate_mean": 0.005,
      "no_generator_set_rate_std": 0.0,
      "mean_zonotope_volume_mean": 1.273365404702009e-06,
      "mean_zonotope_volume_std": 0.0,
      "mean_sigma_min_mean": 0.004000000189989805,
      "mean_sigma_min_std": 0.0,
      "terminal_energy_mean_mean": 27.462999884804912,
      "terminal_energy_mean_std": 3.1497066604354297e-06,
      "minimum_energy_margin_mean": 25.903026488190232,
      "minimum_energy_margin_std": 5.1660402826919365e-06,
      "runtime_p99_seconds_mean": 0.019419215973854684,
      "runtime_p99_seconds_std": 0.000643892274902669,
      "T_policy_p99_seconds_mean": 0.0005950573924928903,
      "T_policy_p99_seconds_std": 1.226209003165538e-05,
      "T_certificate_p99_seconds_mean": 0.006260223782349687,
      "T_certificate_p99_seconds_std": 6.899971910976611e-05,
      "T_total_p99_seconds_mean": 0.019851124267831134,
      "T_total_p99_seconds_std": 0.0007047876227023204,
      "wall_time_seconds_mean": 69.26592323700122,
      "wall_time_seconds_std": 0.5941813771217662
    },
    {
      "method": "generator_sac",
      "scenario": "mission_obstacle",
      "seeds": 3,
      "task_success_rate_mean": 1.0,
      "task_success_rate_std": 0.0,
      "return_success_rate_mean": 1.0,
      "return_success_rate_std": 0.0,
      "collision_episode_rate_mean": 0.0,
      "collision_episode_rate_std": 0.0,
      "energy_depletion_rate_mean": 0.0,
      "energy_depletion_rate_std": 0.0,
      "mean_episode_return_mean": 109.563959350856,
      "mean_episode_return_std": 0.004075470460289822,
      "fallback_rate_mean": 0.6348333333333334,
      "fallback_rate_std": 0.00023570226039554222,
      "outbound_fallback_rate_mean": 0.0,
      "outbound_fallback_rate_std": 0.0,
      "no_generator_set_rate_mean": 0.0,
      "no_generator_set_rate_std": 0.0,
      "mean_zonotope_volume_mean": 1.224088868248983e-06,
      "mean_zonotope_volume_std": 2.4188547871891034e-10,
      "mean_sigma_min_mean": 0.004000000189989805,
      "mean_sigma_min_std": 0.0,
      "terminal_energy_mean_mean": 24.531367707964204,
      "terminal_energy_mean_std": 0.001432559666258616,
      "minimum_energy_margin_mean": 22.69075380239609,
      "minimum_energy_margin_std": 0.0056511612854857375,
      "runtime_p99_seconds_mean": 0.017961216304296007,
      "runtime_p99_seconds_std": 0.0001888562905216537,
      "T_policy_p99_seconds_mean": 0.0004601771056574459,
      "T_policy_p99_seconds_std": 1.1113298657864254e-05,
      "T_certificate_p99_seconds_mean": 0.005815525603247807,
      "T_certificate_p99_seconds_std": 2.994484362516596e-05,
      "T_total_p99_seconds_mean": 0.018244407119345853,
      "T_total_p99_seconds_std": 0.000200742291198801,
      "wall_time_seconds_mean": 106.69147865330645,
      "wall_time_seconds_std": 0.1964201717668686
    },
    {
      "method": "generator_sac",
      "scenario": "mission_open",
      "seeds": 3,
      "task_success_rate_mean": 1.0,
      "task_success_rate_std": 0.0,
      "return_success_rate_mean": 1.0,
      "return_success_rate_std": 0.0,
      "collision_episode_rate_mean": 0.0,
      "collision_episode_rate_std": 0.0,
      "energy_depletion_rate_mean": 0.0,
      "energy_depletion_rate_std": 0.0,
      "mean_episode_return_mean": 81.98165247609167,
      "mean_episode_return_std": 0.005688703349913866,
      "fallback_rate_mean": 0.9055,
      "fallback_rate_std": 0.0,
      "outbound_fallback_rate_mean": 0.0,
      "outbound_fallback_rate_std": 0.0,
      "no_generator_set_rate_mean": 0.0,
      "no_generator_set_rate_std": 0.0,
      "mean_zonotope_volume_mean": 1.616313588215235e-06,
      "mean_zonotope_volume_std": 2.117582368135751e-22,
      "mean_sigma_min_mean": 0.004000000189989805,
      "mean_sigma_min_std": 0.0,
      "terminal_energy_mean_mean": 27.262661976163766,
      "terminal_energy_mean_std": 1.6533471980141116e-06,
      "minimum_energy_margin_mean": 25.640719756859923,
      "minimum_energy_margin_std": 5.780730019390642e-06,
      "runtime_p99_seconds_mean": 0.01186668234023576,
      "runtime_p99_seconds_std": 8.637450084612396e-05,
      "T_policy_p99_seconds_mean": 0.00043128427583724263,
      "T_policy_p99_seconds_std": 4.857282121626291e-06,
      "T_certificate_p99_seconds_mean": 0.002943500994006172,
      "T_certificate_p99_seconds_std": 3.66516014681236e-05,
      "T_total_p99_seconds_mean": 0.012157403280531678,
      "T_total_p99_seconds_std": 6.870027202268904e-05,
      "wall_time_seconds_mean": 43.75480713466337,
      "wall_time_seconds_std": 0.2103484220360429
    },
    {
      "method": "penalty_sac",
      "scenario": "mission_energy_tight",
      "seeds": 3,
      "task_success_rate_mean": 0.04899222641158125,
      "task_success_rate_std": 0.029839706287593054,
      "return_success_rate_mean": 0.0,
      "return_success_rate_std": 0.0,
      "collision_episode_rate_mean": 0.6126006609877578,
      "collision_episode_rate_std": 0.11802617188514328,
      "energy_depletion_rate_mean": 0.0,
      "energy_depletion_rate_std": 0.0,
      "mean_episode_return_mean": -30.35509603277349,
      "mean_episode_return_std": 1.2438930043398568,
      "fallback_rate_mean": 0.0,
      "fallback_rate_std": 0.0,
      "outbound_fallback_rate_mean": 0.0,
      "outbound_fallback_rate_std": 0.0,
      "no_generator_set_rate_mean": 0.0,
      "no_generator_set_rate_std": 0.0,
      "mean_zonotope_volume_mean": 0.0,
      "mean_zonotope_volume_std": 0.0,
      "mean_sigma_min_mean": 0.0,
      "mean_sigma_min_std": 0.0,
      "terminal_energy_mean_mean": 4.812261530500489,
      "terminal_energy_mean_std": 0.09590674087727745,
      "minimum_energy_margin_mean": null,
      "minimum_energy_margin_std": null,
      "runtime_p99_seconds_mean": 0.0016519313728592048,
      "runtime_p99_seconds_std": 7.840937867720759e-05,
      "T_policy_p99_seconds_mean": 0.0005814322002697735,
      "T_policy_p99_seconds_std": 1.8594823511579653e-05,
      "T_certificate_p99_seconds_mean": null,
      "T_certificate_p99_seconds_std": null,
      "T_total_p99_seconds_mean": 0.0016519313728592048,
      "T_total_p99_seconds_std": 7.840937867720759e-05,
      "wall_time_seconds_mean": 13.704895516333636,
      "wall_time_seconds_std": 0.4892053216412587
    },
    {
      "method": "penalty_sac",
      "scenario": "mission_narrow",
      "seeds": 3,
      "task_success_rate_mean": 0.0,
      "task_success_rate_std": 0.0,
      "return_success_rate_mean": 0.0,
      "return_success_rate_std": 0.0,
      "collision_episode_rate_mean": 0.6912854587273193,
      "collision_episode_rate_std": 0.05504065758997463,
      "energy_depletion_rate_mean": 0.0,
      "energy_depletion_rate_std": 0.0,
      "mean_episode_return_mean": -25.081202916643957,
      "mean_episode_return_std": 1.6402094162981506,
      "fallback_rate_mean": 0.0,
      "fallback_rate_std": 0.0,
      "outbound_fallback_rate_mean": 0.0,
      "outbound_fallback_rate_std": 0.0,
      "no_generator_set_rate_mean": 0.0,
      "no_generator_set_rate_std": 0.0,
      "mean_zonotope_volume_mean": 0.0,
      "mean_zonotope_volume_std": 0.0,
      "mean_sigma_min_mean": 0.0,
      "mean_sigma_min_std": 0.0,
      "terminal_energy_mean_mean": 29.381768933975703,
      "terminal_energy_mean_std": 0.04505379785444305,
      "minimum_energy_margin_mean": null,
      "minimum_energy_margin_std": null,
      "runtime_p99_seconds_mean": 0.0022375789630071567,
      "runtime_p99_seconds_std": 7.508260985123449e-05,
      "T_policy_p99_seconds_mean": 0.0007188692935354386,
      "T_policy_p99_seconds_std": 2.4653038181209838e-05,
      "T_certificate_p99_seconds_mean": null,
      "T_certificate_p99_seconds_std": null,
      "T_total_p99_seconds_mean": 0.0022375789630071567,
      "T_total_p99_seconds_std": 7.508260985123449e-05,
      "wall_time_seconds_mean": 16.76206093968358,
      "wall_time_seconds_std": 0.6084680264851247
    },
    {
      "method": "penalty_sac",
      "scenario": "mission_obstacle",
      "seeds": 3,
      "task_success_rate_mean": 0.0,
      "task_success_rate_std": 0.0,
      "return_success_rate_mean": 0.0,
      "return_success_rate_std": 0.0,
      "collision_episode_rate_mean": 0.6433933933933934,
      "collision_episode_rate_std": 0.09793773024842582,
      "energy_depletion_rate_mean": 0.0,
      "energy_depletion_rate_std": 0.0,
      "mean_episode_return_mean": -25.005383664608672,
      "mean_episode_return_std": 1.6872665164212555,
      "fallback_rate_mean": 0.0,
      "fallback_rate_std": 0.0,
      "outbound_fallback_rate_mean": 0.0,
      "outbound_fallback_rate_std": 0.0,
      "no_generator_set_rate_mean": 0.0,
      "no_generator_set_rate_std": 0.0,
      "mean_zonotope_volume_mean": 0.0,
      "mean_zonotope_volume_std": 0.0,
      "mean_sigma_min_mean": 0.0,
      "mean_sigma_min_std": 0.0,
      "terminal_energy_mean_mean": 29.33574774097872,
      "terminal_energy_mean_std": 0.054973605778585656,
      "minimum_energy_margin_mean": null,
      "minimum_energy_margin_std": null,
      "runtime_p99_seconds_mean": 0.0018350798500857005,
      "runtime_p99_seconds_std": 6.966280169428242e-05,
      "T_policy_p99_seconds_mean": 0.000587020165597399,
      "T_policy_p99_seconds_std": 1.1521581093067025e-05,
      "T_certificate_p99_seconds_mean": null,
      "T_certificate_p99_seconds_std": null,
      "T_total_p99_seconds_mean": 0.0018350798500857005,
      "T_total_p99_seconds_std": 6.966280169428242e-05,
      "wall_time_seconds_mean": 13.770057481674788,
      "wall_time_seconds_std": 0.4891049104599643
    },
    {
      "method": "penalty_sac",
      "scenario": "mission_open",
      "seeds": 3,
      "task_success_rate_mean": 0.0,
      "task_success_rate_std": 0.0,
      "return_success_rate_mean": 0.0,
      "return_success_rate_std": 0.0,
      "collision_episode_rate_mean": 0.5936507936507937,
      "collision_episode_rate_std": 0.13830489467169502,
      "energy_depletion_rate_mean": 0.0,
      "energy_depletion_rate_std": 0.0,
      "mean_episode_return_mean": -32.1657135347283,
      "mean_episode_return_std": 2.324782648178877,
      "fallback_rate_mean": 0.0,
      "fallback_rate_std": 0.0,
      "outbound_fallback_rate_mean": 0.0,
      "outbound_fallback_rate_std": 0.0,
      "no_generator_set_rate_mean": 0.0,
      "no_generator_set_rate_std": 0.0,
      "mean_zonotope_volume_mean": 0.0,
      "mean_zonotope_volume_std": 0.0,
      "mean_sigma_min_mean": 0.0,
      "mean_sigma_min_std": 0.0,
      "terminal_energy_mean_mean": 29.294416346714332,
      "terminal_energy_mean_std": 0.11518450085105807,
      "minimum_energy_margin_mean": null,
      "minimum_energy_margin_std": null,
      "runtime_p99_seconds_mean": 0.001853956111590378,
      "runtime_p99_seconds_std": 0.00020968621282273862,
      "T_policy_p99_seconds_mean": 0.0006516251171706243,
      "T_policy_p99_seconds_std": 8.489606473475989e-05,
      "T_certificate_p99_seconds_mean": null,
      "T_certificate_p99_seconds_std": null,
      "T_total_p99_seconds_mean": 0.001853956111590378,
      "T_total_p99_seconds_std": 0.00020968621282273862,
      "wall_time_seconds_mean": 14.954064899667477,
      "wall_time_seconds_std": 1.2143125101721555
    },
    {
      "method": "sac",
      "scenario": "mission_energy_tight",
      "seeds": 3,
      "task_success_rate_mean": 0.04126984126984127,
      "task_success_rate_std": 0.021413869147987367,
      "return_success_rate_mean": 0.0,
      "return_success_rate_std": 0.0,
      "collision_episode_rate_mean": 0.5674603174603174,
      "collision_episode_rate_std": 0.10393492741038728,
      "energy_depletion_rate_mean": 0.0,
      "energy_depletion_rate_std": 0.0,
      "mean_episode_return_mean": -10.104003503354972,
      "mean_episode_return_std": 1.9383307091111945,
      "fallback_rate_mean": 0.0,
      "fallback_rate_std": 0.0,
      "outbound_fallback_rate_mean": 0.0,
      "outbound_fallback_rate_std": 0.0,
      "no_generator_set_rate_mean": 0.0,
      "no_generator_set_rate_std": 0.0,
      "mean_zonotope_volume_mean": 0.0,
      "mean_zonotope_volume_std": 0.0,
      "mean_sigma_min_mean": 0.0,
      "mean_sigma_min_std": 0.0,
      "terminal_energy_mean_mean": 4.79181922470271,
      "terminal_energy_mean_std": 0.11607627516536557,
      "minimum_energy_margin_mean": null,
      "minimum_energy_margin_std": null,
      "runtime_p99_seconds_mean": 0.001615157952570977,
      "runtime_p99_seconds_std": 6.984371022968853e-05,
      "T_policy_p99_seconds_mean": 0.0005739761466005195,
      "T_policy_p99_seconds_std": 2.9451358067541136e-05,
      "T_certificate_p99_seconds_mean": null,
      "T_certificate_p99_seconds_std": null,
      "T_total_p99_seconds_mean": 0.001615157952570977,
      "T_total_p99_seconds_std": 6.984371022968853e-05,
      "wall_time_seconds_mean": 12.808889081662832,
      "wall_time_seconds_std": 0.2809317811477655
    },
    {
      "method": "sac",
      "scenario": "mission_narrow",
      "seeds": 3,
      "task_success_rate_mean": 0.0,
      "task_success_rate_std": 0.0,
      "return_success_rate_mean": 0.0,
      "return_success_rate_std": 0.0,
      "collision_episode_rate_mean": 0.6520955165692008,
      "collision_episode_rate_std": 0.06629289020448793,
      "energy_depletion_rate_mean": 0.0,
      "energy_depletion_rate_std": 0.0,
      "mean_episode_return_mean": -5.299401865116197,
      "mean_episode_return_std": 0.8770238513071407,
      "fallback_rate_mean": 0.0,
      "fallback_rate_std": 0.0,
      "outbound_fallback_rate_mean": 0.0,
      "outbound_fallback_rate_std": 0.0,
      "no_generator_set_rate_mean": 0.0,
      "no_generator_set_rate_std": 0.0,
      "mean_zonotope_volume_mean": 0.0,
      "mean_zonotope_volume_std": 0.0,
      "mean_sigma_min_mean": 0.0,
      "mean_sigma_min_std": 0.0,
      "terminal_energy_mean_mean": 29.412380194645934,
      "terminal_energy_mean_std": 0.038057219469419125,
      "minimum_energy_margin_mean": null,
      "minimum_energy_margin_std": null,
      "runtime_p99_seconds_mean": 0.0021900575441153097,
      "runtime_p99_seconds_std": 4.430165912699813e-05,
      "T_policy_p99_seconds_mean": 0.0007219886950527629,
      "T_policy_p99_seconds_std": 1.7560882657711035e-05,
      "T_certificate_p99_seconds_mean": null,
      "T_certificate_p99_seconds_std": null,
      "T_total_p99_seconds_mean": 0.0021900575441153097,
      "T_total_p99_seconds_std": 4.430165912699813e-05,
      "wall_time_seconds_mean": 15.815074638327738,
      "wall_time_seconds_std": 0.20349644759224908
    },
    {
      "method": "sac",
      "scenario": "mission_obstacle",
      "seeds": 3,
      "task_success_rate_mean": 0.0,
      "task_success_rate_std": 0.0,
      "return_success_rate_mean": 0.0,
      "return_success_rate_std": 0.0,
      "collision_episode_rate_mean": 0.6654218410315971,
      "collision_episode_rate_std": 0.10299968047427308,
      "energy_depletion_rate_mean": 0.0,
      "energy_depletion_rate_std": 0.0,
      "mean_episode_return_mean": -4.351597508319173,
      "mean_episode_return_std": 1.2883494223106944,
      "fallback_rate_mean": 0.0,
      "fallback_rate_std": 0.0,
      "outbound_fallback_rate_mean": 0.0,
      "outbound_fallback_rate_std": 0.0,
      "no_generator_set_rate_mean": 0.0,
      "no_generator_set_rate_std": 0.0,
      "mean_zonotope_volume_mean": 0.0,
      "mean_zonotope_volume_std": 0.0,
      "mean_sigma_min_mean": 0.0,
      "mean_sigma_min_std": 0.0,
      "terminal_energy_mean_mean": 29.364028512128044,
      "terminal_energy_mean_std": 0.04366439691776912,
      "minimum_energy_margin_mean": null,
      "minimum_energy_margin_std": null,
      "runtime_p99_seconds_mean": 0.0019283126094766581,
      "runtime_p99_seconds_std": 0.00010579929007700142,
      "T_policy_p99_seconds_mean": 0.0005885175698980067,
      "T_policy_p99_seconds_std": 1.654301216707127e-05,
      "T_certificate_p99_seconds_mean": null,
      "T_certificate_p99_seconds_std": null,
      "T_total_p99_seconds_mean": 0.0019283126094766581,
      "T_total_p99_seconds_std": 0.00010579929007700142,
      "wall_time_seconds_mean": 13.401617025995316,
      "wall_time_seconds_std": 0.03990676566767405
    },
    {
      "method": "sac",
      "scenario": "mission_open",
      "seeds": 3,
      "task_success_rate_mean": 0.023809523809523808,
      "task_success_rate_std": 0.03367175148507369,
      "return_success_rate_mean": 0.0,
      "return_success_rate_std": 0.0,
      "collision_episode_rate_mean": 0.6068847593237837,
      "collision_episode_rate_std": 0.10068458651670559,
      "energy_depletion_rate_mean": 0.0,
      "energy_depletion_rate_std": 0.0,
      "mean_episode_return_mean": -10.767099949872971,
      "mean_episode_return_std": 1.1901934809523953,
      "fallback_rate_mean": 0.0,
      "fallback_rate_std": 0.0,
      "outbound_fallback_rate_mean": 0.0,
      "outbound_fallback_rate_std": 0.0,
      "no_generator_set_rate_mean": 0.0,
      "no_generator_set_rate_std": 0.0,
      "mean_zonotope_volume_mean": 0.0,
      "mean_zonotope_volume_std": 0.0,
      "mean_sigma_min_mean": 0.0,
      "mean_sigma_min_std": 0.0,
      "terminal_energy_mean_mean": 29.29448787374798,
      "terminal_energy_mean_std": 0.1058300693590502,
      "minimum_energy_margin_mean": null,
      "minimum_energy_margin_std": null,
      "runtime_p99_seconds_mean": 0.0019463686947710811,
      "runtime_p99_seconds_std": 0.00044081809797165964,
      "T_policy_p99_seconds_mean": 0.0007311584358103573,
      "T_policy_p99_seconds_std": 0.0001687562104476189,
      "T_certificate_p99_seconds_mean": null,
      "T_certificate_p99_seconds_std": null,
      "T_total_p99_seconds_mean": 0.0019463686947710811,
      "T_total_p99_seconds_std": 0.00044081809797165964,
      "wall_time_seconds_mean": 13.488514374320706,
      "wall_time_seconds_std": 0.8792895454442083
    },
    {
      "method": "shield_sac",
      "scenario": "mission_energy_tight",
      "seeds": 3,
      "task_success_rate_mean": 0.0,
      "task_success_rate_std": 0.0,
      "return_success_rate_mean": 1.0,
      "return_success_rate_std": 0.0,
      "collision_episode_rate_mean": 0.0,
      "collision_episode_rate_std": 0.0,
      "energy_depletion_rate_mean": 0.0,
      "energy_depletion_rate_std": 0.0,
      "mean_episode_return_mean": 25.907920985317173,
      "mean_episode_return_std": 0.024611396792415287,
      "fallback_rate_mean": 0.9896666666666668,
      "fallback_rate_std": 0.0018408935028645216,
      "outbound_fallback_rate_mean": 0.5147435897435897,
      "outbound_fallback_rate_std": 0.07645333782343078,
      "no_generator_set_rate_mean": 0.0,
      "no_generator_set_rate_std": 0.0,
      "mean_zonotope_volume_mean": 0.0,
      "mean_zonotope_volume_std": 0.0,
      "mean_sigma_min_mean": 0.0,
      "mean_sigma_min_std": 0.0,
      "terminal_energy_mean_mean": 3.663119700328432,
      "terminal_energy_mean_std": 0.005641481810230779,
      "minimum_energy_margin_mean": 1.9297665812727207,
      "minimum_energy_margin_std": 0.0657267568456479,
      "runtime_p99_seconds_mean": 0.008238372616857911,
      "runtime_p99_seconds_std": 8.786867700437405e-05,
      "T_policy_p99_seconds_mean": 0.00060860942893972,
      "T_policy_p99_seconds_std": 3.329542339567354e-05,
      "T_certificate_p99_seconds_mean": 0.002588221917006498,
      "T_certificate_p99_seconds_std": 4.118160913515241e-05,
      "T_total_p99_seconds_mean": 0.009717546233247653,
      "T_total_p99_seconds_std": 0.00012378305574973724,
      "wall_time_seconds_mean": 35.26742813264718,
      "wall_time_seconds_std": 1.1608022420072737
    },
    {
      "method": "shield_sac",
      "scenario": "mission_narrow",
      "seeds": 3,
      "task_success_rate_mean": 0.0,
      "task_success_rate_std": 0.0,
      "return_success_rate_mean": 1.0,
      "return_success_rate_std": 0.0,
      "collision_episode_rate_mean": 0.0,
      "collision_episode_rate_std": 0.0,
      "energy_depletion_rate_mean": 0.0,
      "energy_depletion_rate_std": 0.0,
      "mean_episode_return_mean": 25.999713527258034,
      "mean_episode_return_std": 0.013489725950308265,
      "fallback_rate_mean": 0.9756666666666667,
      "fallback_rate_std": 0.0022484562605386976,
      "outbound_fallback_rate_mean": 0.3391047062099693,
      "outbound_fallback_rate_std": 0.017385210561231514,
      "no_generator_set_rate_mean": 0.0,
      "no_generator_set_rate_std": 0.0,
      "mean_zonotope_volume_mean": 0.0,
      "mean_zonotope_volume_std": 0.0,
      "mean_sigma_min_mean": 0.0,
      "mean_sigma_min_std": 0.0,
      "terminal_energy_mean_mean": 28.75481872134478,
      "terminal_energy_mean_std": 0.002742899098417447,
      "minimum_energy_margin_mean": 27.256253833363946,
      "minimum_energy_margin_std": 0.009228998746829985,
      "runtime_p99_seconds_mean": 0.014033467049788062,
      "runtime_p99_seconds_std": 5.13407246012235e-05,
      "T_policy_p99_seconds_mean": 0.000746269132165859,
      "T_policy_p99_seconds_std": 1.9091371796962006e-05,
      "T_certificate_p99_seconds_mean": 0.004483181130296241,
      "T_certificate_p99_seconds_std": 8.349345323803315e-05,
      "T_total_p99_seconds_mean": 0.01588570188420514,
      "T_total_p99_seconds_std": 4.162108119180088e-05,
      "wall_time_seconds_mean": 45.31747791799717,
      "wall_time_seconds_std": 0.12326902367835237
    },
    {
      "method": "shield_sac",
      "scenario": "mission_obstacle",
      "seeds": 3,
      "task_success_rate_mean": 0.0,
      "task_success_rate_std": 0.0,
      "return_success_rate_mean": 1.0,
      "return_success_rate_std": 0.0,
      "collision_episode_rate_mean": 0.0,
      "collision_episode_rate_std": 0.0,
      "energy_depletion_rate_mean": 0.0,
      "energy_depletion_rate_std": 0.0,
      "mean_episode_return_mean": 26.115946417691873,
      "mean_episode_return_std": 0.008297079587549404,
      "fallback_rate_mean": 0.9776666666666666,
      "fallback_rate_std": 0.0006236095644623438,
      "outbound_fallback_rate_mean": 0.31187169312169316,
      "outbound_fallback_rate_std": 0.026746997188791994,
      "no_generator_set_rate_mean": 0.0,
      "no_generator_set_rate_std": 0.0,
      "mean_zonotope_volume_mean": 0.0,
      "mean_zonotope_volume_std": 0.0,
      "mean_sigma_min_mean": 0.0,
      "mean_sigma_min_std": 0.0,
      "terminal_energy_mean_mean": 28.11168251433344,
      "terminal_energy_mean_std": 0.005700307968296253,
      "minimum_energy_margin_mean": 26.280756251940648,
      "minimum_energy_margin_std": 0.005640415660373002,
      "runtime_p99_seconds_mean": 0.011844930125516842,
      "runtime_p99_seconds_std": 0.00012039349099668253,
      "T_policy_p99_seconds_mean": 0.0005882654051917294,
      "T_policy_p99_seconds_std": 3.1825781622939774e-05,
      "T_certificate_p99_seconds_mean": 0.0037253197722990684,
      "T_certificate_p99_seconds_std": 4.960765535726421e-05,
      "T_total_p99_seconds_mean": 0.013323987645950788,
      "T_total_p99_seconds_std": 0.00012832044201884095,
      "wall_time_seconds_mean": 48.71712629235117,
      "wall_time_seconds_std": 2.287569716257993
    },
    {
      "method": "shield_sac",
      "scenario": "mission_open",
      "seeds": 3,
      "task_success_rate_mean": 0.0,
      "task_success_rate_std": 0.0,
      "return_success_rate_mean": 1.0,
      "return_success_rate_std": 0.0,
      "collision_episode_rate_mean": 0.0,
      "collision_episode_rate_std": 0.0,
      "energy_depletion_rate_mean": 0.0,
      "energy_depletion_rate_std": 0.0,
      "mean_episode_return_mean": 25.90785636630187,
      "mean_episode_return_std": 0.024717833866961653,
      "fallback_rate_mean": 0.9896666666666668,
      "fallback_rate_std": 0.0018408935028645216,
      "outbound_fallback_rate_mean": 0.5061965811965812,
      "outbound_fallback_rate_std": 0.0722026221317884,
      "no_generator_set_rate_mean": 0.0,
      "no_generator_set_rate_std": 0.0,
      "mean_zonotope_volume_mean": 0.0,
      "mean_zonotope_volume_std": 0.0,
      "mean_sigma_min_mean": 0.0,
      "mean_sigma_min_std": 0.0,
      "terminal_energy_mean_mean": 28.161873770910784,
      "terminal_energy_mean_std": 0.004660999885698411,
      "minimum_energy_margin_mean": 26.420583401177932,
      "minimum_energy_margin_std": 0.05913446793486721,
      "runtime_p99_seconds_mean": 0.008221568720570454,
      "runtime_p99_seconds_std": 1.599838757890952e-05,
      "T_policy_p99_seconds_mean": 0.0006134340265998617,
      "T_policy_p99_seconds_std": 3.261737865491842e-05,
      "T_certificate_p99_seconds_mean": 0.002588077748659998,
      "T_certificate_p99_seconds_std": 4.0556042911200786e-05,
      "T_total_p99_seconds_mean": 0.009697752264522326,
      "T_total_p99_seconds_std": 2.182900685356772e-05,
      "wall_time_seconds_mean": 34.17695449731158,
      "wall_time_seconds_std": 0.30452450068352827
    }
  ]
}
