{
  "scenario": "random_persistent_open",
  "legacy_fixed_graph": false,
  "seed": 1,
  "steps": 2000,
  "episodes": 2,
  "gradient_steps": 1700,
  "actor_updates": 1700,
  "critic_updates": 1700,
  "accepted_actor_samples": 107152,
  "total_reward": -244.46119982638535,
  "aggregate_metrics": {
    "total_steps": 2000,
    "total_reward": -244.46119982638535,
    "tasks_completed": 0,
    "tasks_per_1000_steps": 0.0,
    "task_completion_count": 0,
    "task_completion_steps": [],
    "mean_task_completion_steps": null,
    "voluntary_station_arrivals": 0,
    "backup_recovery_count": 8,
    "backup_rate": 0.004,
    "charging_visits": 1,
    "charging_steps": 7,
    "charging_fraction": 0.0035,
    "energy_charged": 2.8000000000000007,
    "departure_attempts": 0,
    "departure_rejections": 0,
    "generator_accepted_steps": 1779,
    "generator_acceptance_rate": 0.8895,
    "no_generator_steps": 7,
    "no_generator_rate": 0.0035,
    "energy_consumed": 24.111102572492722,
    "energy_per_task": 24.111102572492722,
    "minimum_energy_margin": 0.9924398486507089,
    "collision_count": 0,
    "energy_depletion_count": 0,
    "uncertified_publication_count": 0,
    "invalid_kappa_fallback_count": 1,
    "rl_generator_steps": 1779,
    "rl_generator_fraction": 0.8895,
    "kappa_backup_steps": 221,
    "kappa_backup_fraction": 0.1105,
    "charger_constrained_steps": 0,
    "charger_constrained_fraction": 0.0,
    "fail_closed_steps": 0,
    "fail_closed_fraction": 0.0,
    "accepted_into_kappa_only_count": 0,
    "total_goal_progress": -0.9800895691357909,
    "fraction_steps_progressing_to_goal": 0.5065,
    "mean_goal_progress_per_step": -0.0004900447845678955,
    "energy_margin_at_backup": [
      0.9924398486507089,
      1.7575453395963612,
      2.1455034151671932,
      2.5334614907380253,
      2.921419566308858,
      3.3093776418796903,
      3.697335717450523,
      4.085293793021355
    ],
    "energy_margin_at_station_approach": [],
    "energy_on_station_arrival": [
      2.6080453395963614
    ],
    "energy_on_departure": [],
    "charge_durations": []
  },
  "last_episode_metrics": {
    "episode_id": 1,
    "episode_seed": 2,
    "start_position": [
      3.122576886633731,
      3.1558940635225983,
      0.998313400783373
    ],
    "initial_goal": [
      3.15147276706653,
      1.3811685460871748,
      1.0
    ],
    "steps": 112,
    "return": -1.231936990327221,
    "tasks_completed": 0,
    "voluntary_station_arrivals": 0,
    "backup_recoveries": 0,
    "charging_visits": 0,
    "charging_steps": 0,
    "generator_accepted_steps": 112,
    "no_generator_steps": 0,
    "minimum_energy_margin": 14.69504792611544,
    "collision_count": 0,
    "energy_depletion_count": 0,
    "uncertified_publication_count": 0,
    "invalid_kappa_fallback_count": 0,
    "goal_progress": 0.022984908301788565,
    "goal_sequence": [
      [
        3.15147276706653,
        1.3811685460871748,
        1.0
      ]
    ],
    "terminated": false,
    "truncated": false,
    "partial": true
  },
  "last_update": {
    "critic_loss_1": 6.069737434387207,
    "critic_loss_2": 6.064206600189209,
    "actor_loss": 78.0445556640625,
    "alpha_loss": -1.6653211116790771,
    "alpha": 1.6534228324890137,
    "mean_log_prob": 6.313737869262695,
    "mean_log_det_G": -8.395278930664062,
    "mean_tanh_log_jacobian": -1.7435489892959595,
    "q_value_exec": -63.994422912597656,
    "accepted_batch_count": 57,
    "fallback_batch_count": 7,
    "accepted_batch_fraction": 0.890625,
    "actor_status": "updated",
    "critic_gradient_norm": 16.690828323364258,
    "actor_gradient_norm": 0.5999926328659058,
    "generator_target_count": 57,
    "fallback_target_count": 7,
    "target_batch_count": 64,
    "rl_generator_target_count": 57,
    "charger_target_count": 0,
    "kappa_target_count": 7,
    "charger_atomic_target_count": 0,
    "fail_closed_target_count": 0
  },
  "artifact_paths": {
    "episodes": "artifacts/task_authority_smoke_open_seed1/episodes.jsonl",
    "learning_curve": "artifacts/task_authority_smoke_open_seed1/learning_curve.jsonl",
    "trajectory_events": "artifacts/task_authority_smoke_open_seed1/trajectory_events.jsonl",
    "checkpoint": "artifacts/task_authority_smoke_open_seed1/checkpoint_latest.pt"
  },
  "synthetic_only": true
}
