{
  "scenario": "random_persistent_open",
  "legacy_fixed_graph": false,
  "seed": 1,
  "temperature_coordinate": "normalized",
  "steps": 2000,
  "episodes": 1,
  "gradient_steps": 1700,
  "actor_updates": 1700,
  "critic_updates": 1700,
  "accepted_actor_samples": 107264,
  "total_reward": -33.549481132841755,
  "aggregate_metrics": {
    "total_steps": 2000,
    "total_reward": -33.549481132841755,
    "tasks_completed": 0,
    "tasks_per_1000_steps": 0.0,
    "task_completion_count": 0,
    "task_completion_steps": [],
    "mean_task_completion_steps": null,
    "voluntary_station_arrivals": 0,
    "backup_recovery_count": 9,
    "backup_intervention_reward_events": 9,
    "backup_rate": 0.0045,
    "charging_visits": 1,
    "charging_steps": 120,
    "charging_fraction": 0.06,
    "energy_charged": 28.836219186119152,
    "departure_attempts": 0,
    "departure_rejections": 0,
    "generator_accepted_steps": 1788,
    "generator_acceptance_rate": 0.894,
    "no_generator_steps": 8,
    "no_generator_rate": 0.004,
    "energy_consumed": 24.10981227707239,
    "energy_per_task": 24.10981227707239,
    "minimum_energy_margin": 0.9966414759113906,
    "collision_count": 0,
    "energy_depletion_count": 0,
    "uncertified_publication_count": 0,
    "invalid_kappa_fallback_count": 0,
    "rl_generator_steps": 1788,
    "rl_generator_fraction": 0.894,
    "kappa_backup_steps": 212,
    "kappa_backup_fraction": 0.106,
    "charger_constrained_steps": 0,
    "charger_constrained_fraction": 0.0,
    "fail_closed_steps": 0,
    "fail_closed_fraction": 0.0,
    "accepted_into_kappa_only_count": 0,
    "total_goal_progress": -0.9384999051344478,
    "fraction_steps_progressing_to_goal": 0.5065,
    "mean_goal_progress_per_step": -0.0004692499525672239,
    "energy_margin_at_backup": [
      0.9966414759113906,
      1.7465665922958262,
      2.134513234853082,
      2.522485767798393,
      2.9104779848047198,
      3.2984674285555373,
      3.686449095653021,
      4.074425456776629,
      4.462398640642408
    ],
    "energy_margin_at_station_approach": [],
    "energy_on_station_arrival": [
      2.5970665922958265
    ],
    "energy_on_departure": [],
    "charge_durations": []
  },
  "last_episode_metrics": {
    "episode_id": 0,
    "episode_seed": 1,
    "start_position": [
      0.8531215066892178,
      1.4044010763138113,
      1.0018542547582985
    ],
    "initial_goal": [
      0.8478822343604494,
      2.0551251634573044,
      1.0
    ],
    "steps": 2000,
    "return": -33.549481132841755,
    "tasks_completed": 0,
    "voluntary_station_arrivals": 0,
    "backup_recoveries": 9,
    "backup_intervention_reward_events": 9,
    "kappa_backup_steps": 212,
    "charging_visits": 1,
    "charging_steps": 120,
    "generator_accepted_steps": 1788,
    "no_generator_steps": 8,
    "minimum_energy_margin": 0.9966414759113906,
    "collision_count": 0,
    "energy_depletion_count": 0,
    "uncertified_publication_count": 0,
    "invalid_kappa_fallback_count": 0,
    "goal_progress": -0.9384999051344478,
    "goal_sequence": [
      [
        0.8478822343604494,
        2.0551251634573044,
        1.0
      ]
    ],
    "terminated": false,
    "truncated": false,
    "partial": true
  },
  "last_update": {
    "critic_loss_1": 0.820374071598053,
    "critic_loss_2": 0.8257397413253784,
    "actor_loss": 40.84825897216797,
    "alpha_loss": -2.566333770751953,
    "alpha": 0.6004559397697449,
    "mean_log_prob": 6.426952838897705,
    "mean_log_det_G": -8.461285591125488,
    "mean_tanh_log_jacobian": -1.829990029335022,
    "temperature_coordinate": "normalized",
    "q_value_exec": -35.26799392700195,
    "accepted_batch_count": 57,
    "fallback_batch_count": 7,
    "accepted_batch_fraction": 0.890625,
    "actor_status": "updated",
    "critic_gradient_norm": 11.226319313049316,
    "actor_gradient_norm": 0.25216102600097656,
    "mean_reward": -0.012035114446219533,
    "mean_bellman_target": -35.18017578125,
    "mean_td_error": 0.08782169222831726,
    "mean_log_prob_u": -3.8643245697021484,
    "mean_negative_tanh_log_jacobian": 1.829990029335022,
    "mean_negative_log_det_G": 8.461285591125488,
    "mean_normalized_log_prob": -2.0343339443206787,
    "entropy_target_residual": -5.034334182739258,
    "physical_entropy_target_residual": 3.4269521236419678,
    "normalized_entropy_target_residual": -5.034334182739258,
    "alpha_gradient": 5.0343337059021,
    "mean_u": 0.09007613360881805,
    "std_u": 0.8823996186256409,
    "mean_abs_u": 0.7005444169044495,
    "max_abs_u": 2.6438021659851074,
    "mean_eta": 0.03528622165322304,
    "std_eta": 0.586114227771759,
    "eta_abs_gt_090": 0.10526315867900848,
    "eta_abs_gt_095": 0.035087719559669495,
    "eta_abs_gt_099": 0.0,
    "u_abs_gt_2": 0.02923976629972458,
    "u_abs_gt_3": 0.0,
    "u_abs_gt_5": 0.0,
    "generator_target_count": 57,
    "fallback_target_count": 7,
    "target_batch_count": 64,
    "rl_generator_target_count": 57,
    "charger_target_count": 0,
    "kappa_target_count": 7,
    "charger_atomic_target_count": 0,
    "fail_closed_target_count": 0
  },
  "artifact_paths": {
    "episodes": "artifacts/temp_compare_normalized_seed1/episodes.jsonl",
    "learning_curve": "artifacts/temp_compare_normalized_seed1/learning_curve.jsonl",
    "trajectory_events": "artifacts/temp_compare_normalized_seed1/trajectory_events.jsonl",
    "checkpoint": "artifacts/temp_compare_normalized_seed1/checkpoint_latest.pt"
  },
  "synthetic_only": true
}
