Using cpu device
Wrapping the env in a DummyVecEnv.
Logging to artifacts/phase1_sb3_sac_200k/seed1/sb3_logger
---------------------------------
| rollout/           |          |
|    ep_len_mean     | 5e+03    |
|    ep_rew_mean     | -398     |
| time/              |          |
|    episodes        | 1        |
|    fps             | 1212     |
|    time_elapsed    | 4        |
|    total_timesteps | 5000     |
---------------------------------
---------------------------------
| rollout/           |          |
|    ep_len_mean     | 5e+03    |
|    ep_rew_mean     | -310     |
| time/              |          |
|    episodes        | 2        |
|    fps             | 102      |
|    time_elapsed    | 97       |
|    total_timesteps | 10000    |
| train/             |          |
|    actor_loss      | -20.4    |
|    critic_loss     | 0.0476   |
|    ent_coef        | 0.226    |
|    ent_coef_loss   | -7.09    |
|    learning_rate   | 0.0003   |
|    n_updates       | 4999     |
---------------------------------
---------------------------------
| rollout/           |          |
|    ep_len_mean     | 5e+03    |
|    ep_rew_mean     | -228     |
| time/              |          |
|    episodes        | 3        |
|    fps             | 84       |
|    time_elapsed    | 177      |
|    total_timesteps | 15000    |
| train/             |          |
|    actor_loss      | -20.9    |
|    critic_loss     | 0.056    |
|    ent_coef        | 0.0543   |
|    ent_coef_loss   | -10      |
|    learning_rate   | 0.0003   |
|    n_updates       | 9999     |
---------------------------------
---------------------------------
| rollout/           |          |
|    ep_len_mean     | 5e+03    |
|    ep_rew_mean     | -171     |
| time/              |          |
|    episodes        | 4        |
|    fps             | 77       |
|    time_elapsed    | 258      |
|    total_timesteps | 20000    |
| train/             |          |
|    actor_loss      | -18.6    |
|    critic_loss     | 0.0313   |
|    ent_coef        | 0.0142   |
|    ent_coef_loss   | -7.99    |
|    learning_rate   | 0.0003   |
|    n_updates       | 14999    |
---------------------------------
---------------------------------
| rollout/           |          |
|    ep_len_mean     | 5e+03    |
|    ep_rew_mean     | -136     |
| time/              |          |
|    episodes        | 5        |
|    fps             | 72       |
|    time_elapsed    | 344      |
|    total_timesteps | 25000    |
| train/             |          |
|    actor_loss      | -16      |
|    critic_loss     | 0.0287   |
|    ent_coef        | 0.0061   |
|    ent_coef_loss   | 2.74     |
|    learning_rate   | 0.0003   |
|    n_updates       | 19999    |
---------------------------------
---------------------------------
| rollout/           |          |
|    ep_len_mean     | 5e+03    |
|    ep_rew_mean     | -109     |
| time/              |          |
|    episodes        | 6        |
|    fps             | 70       |
|    time_elapsed    | 428      |
|    total_timesteps | 30000    |
| train/             |          |
|    actor_loss      | -13.9    |
|    critic_loss     | 0.0235   |
|    ent_coef        | 0.00434  |
|    ent_coef_loss   | -1.85    |
|    learning_rate   | 0.0003   |
|    n_updates       | 24999    |
---------------------------------
---------------------------------
| rollout/           |          |
|    ep_len_mean     | 5e+03    |
|    ep_rew_mean     | -83.4    |
| time/              |          |
|    episodes        | 7        |
|    fps             | 68       |
|    time_elapsed    | 509      |
|    total_timesteps | 35000    |
| train/             |          |
|    actor_loss      | -11.6    |
|    critic_loss     | 0.0201   |
|    ent_coef        | 0.00461  |
|    ent_coef_loss   | -0.924   |
|    learning_rate   | 0.0003   |
|    n_updates       | 29999    |
---------------------------------
---------------------------------
| rollout/           |          |
|    ep_len_mean     | 5e+03    |
|    ep_rew_mean     | -71.2    |
| time/              |          |
|    episodes        | 8        |
|    fps             | 67       |
|    time_elapsed    | 590      |
|    total_timesteps | 40000    |
| train/             |          |
|    actor_loss      | -10.4    |
|    critic_loss     | 0.0166   |
|    ent_coef        | 0.00464  |
|    ent_coef_loss   | -1.68    |
|    learning_rate   | 0.0003   |
|    n_updates       | 34999    |
---------------------------------
---------------------------------
| rollout/           |          |
|    ep_len_mean     | 5e+03    |
|    ep_rew_mean     | -63.1    |
| time/              |          |
|    episodes        | 9        |
|    fps             | 66       |
|    time_elapsed    | 674      |
|    total_timesteps | 45000    |
| train/             |          |
|    actor_loss      | -9.1     |
|    critic_loss     | 0.0191   |
|    ent_coef        | 0.00432  |
|    ent_coef_loss   | 0.274    |
|    learning_rate   | 0.0003   |
|    n_updates       | 39999    |
---------------------------------
---------------------------------
| rollout/           |          |
|    ep_len_mean     | 5e+03    |
|    ep_rew_mean     | -47.3    |
| time/              |          |
|    episodes        | 10       |
|    fps             | 65       |
|    time_elapsed    | 767      |
|    total_timesteps | 50000    |
| train/             |          |
|    actor_loss      | -7.8     |
|    critic_loss     | 0.0177   |
|    ent_coef        | 0.00383  |
|    ent_coef_loss   | 0.688    |
|    learning_rate   | 0.0003   |
|    n_updates       | 44999    |
---------------------------------
---------------------------------
| rollout/           |          |
|    ep_len_mean     | 5e+03    |
|    ep_rew_mean     | -43.8    |
| time/              |          |
|    episodes        | 11       |
|    fps             | 64       |
|    time_elapsed    | 852      |
|    total_timesteps | 55000    |
| train/             |          |
|    actor_loss      | -7.23    |
|    critic_loss     | 0.0249   |
|    ent_coef        | 0.00371  |
|    ent_coef_loss   | 1.12     |
|    learning_rate   | 0.0003   |
|    n_updates       | 49999    |
---------------------------------
---------------------------------
| rollout/           |          |
|    ep_len_mean     | 5e+03    |
|    ep_rew_mean     | -43.8    |
| time/              |          |
|    episodes        | 12       |
|    fps             | 63       |
|    time_elapsed    | 939      |
|    total_timesteps | 60000    |
| train/             |          |
|    actor_loss      | -6.34    |
|    critic_loss     | 0.0165   |
|    ent_coef        | 0.00375  |
|    ent_coef_loss   | -1.79    |
|    learning_rate   | 0.0003   |
|    n_updates       | 54999    |
---------------------------------
---------------------------------
| rollout/           |          |
|    ep_len_mean     | 5e+03    |
|    ep_rew_mean     | -24      |
| time/              |          |
|    episodes        | 13       |
|    fps             | 63       |
|    time_elapsed    | 1026     |
|    total_timesteps | 65000    |
| train/             |          |
|    actor_loss      | -6.07    |
|    critic_loss     | 0.0184   |
|    ent_coef        | 0.00389  |
|    ent_coef_loss   | -0.0466  |
|    learning_rate   | 0.0003   |
|    n_updates       | 59999    |
---------------------------------
---------------------------------
| rollout/           |          |
|    ep_len_mean     | 5e+03    |
|    ep_rew_mean     | -19.1    |
| time/              |          |
|    episodes        | 14       |
|    fps             | 62       |
|    time_elapsed    | 1116     |
|    total_timesteps | 70000    |
| train/             |          |
|    actor_loss      | -5.81    |
|    critic_loss     | 0.0175   |
|    ent_coef        | 0.00416  |
|    ent_coef_loss   | -2.41    |
|    learning_rate   | 0.0003   |
|    n_updates       | 64999    |
---------------------------------
---------------------------------
| rollout/           |          |
|    ep_len_mean     | 5e+03    |
|    ep_rew_mean     | -16.3    |
| time/              |          |
|    episodes        | 15       |
|    fps             | 62       |
|    time_elapsed    | 1205     |
|    total_timesteps | 75000    |
| train/             |          |
|    actor_loss      | -5.76    |
|    critic_loss     | 0.0146   |
|    ent_coef        | 0.0042   |
|    ent_coef_loss   | 1.24     |
|    learning_rate   | 0.0003   |
|    n_updates       | 69999    |
---------------------------------
---------------------------------
| rollout/           |          |
|    ep_len_mean     | 5e+03    |
|    ep_rew_mean     | -25.8    |
| time/              |          |
|    episodes        | 16       |
|    fps             | 61       |
|    time_elapsed    | 1292     |
|    total_timesteps | 80000    |
| train/             |          |
|    actor_loss      | -5.92    |
|    critic_loss     | 0.016    |
|    ent_coef        | 0.00439  |
|    ent_coef_loss   | -0.928   |
|    learning_rate   | 0.0003   |
|    n_updates       | 74999    |
---------------------------------
---------------------------------
| rollout/           |          |
|    ep_len_mean     | 5e+03    |
|    ep_rew_mean     | -20.5    |
| time/              |          |
|    episodes        | 17       |
|    fps             | 61       |
|    time_elapsed    | 1378     |
|    total_timesteps | 85000    |
| train/             |          |
|    actor_loss      | -5.92    |
|    critic_loss     | 0.0172   |
|    ent_coef        | 0.00427  |
|    ent_coef_loss   | -1.42    |
|    learning_rate   | 0.0003   |
|    n_updates       | 79999    |
---------------------------------
---------------------------------
| rollout/           |          |
|    ep_len_mean     | 5e+03    |
|    ep_rew_mean     | -15.1    |
| time/              |          |
|    episodes        | 18       |
|    fps             | 61       |
|    time_elapsed    | 1466     |
|    total_timesteps | 90000    |
| train/             |          |
|    actor_loss      | -5.99    |
|    critic_loss     | 0.0286   |
|    ent_coef        | 0.00424  |
|    ent_coef_loss   | 1.79     |
|    learning_rate   | 0.0003   |
|    n_updates       | 84999    |
---------------------------------
---------------------------------
| rollout/           |          |
|    ep_len_mean     | 5e+03    |
|    ep_rew_mean     | -13.6    |
| time/              |          |
|    episodes        | 19       |
|    fps             | 61       |
|    time_elapsed    | 1553     |
|    total_timesteps | 95000    |
| train/             |          |
|    actor_loss      | -6.31    |
|    critic_loss     | 0.0312   |
|    ent_coef        | 0.00405  |
|    ent_coef_loss   | 1.12     |
|    learning_rate   | 0.0003   |
|    n_updates       | 89999    |
---------------------------------
---------------------------------
| rollout/           |          |
|    ep_len_mean     | 5e+03    |
|    ep_rew_mean     | -3.2     |
| time/              |          |
|    episodes        | 20       |
|    fps             | 60       |
|    time_elapsed    | 1649     |
|    total_timesteps | 100000   |
| train/             |          |
|    actor_loss      | -5.75    |
|    critic_loss     | 0.0217   |
|    ent_coef        | 0.00408  |
|    ent_coef_loss   | -1.13    |
|    learning_rate   | 0.0003   |
|    n_updates       | 94999    |
---------------------------------
---------------------------------
| rollout/           |          |
|    ep_len_mean     | 5e+03    |
|    ep_rew_mean     | -4.42    |
| time/              |          |
|    episodes        | 21       |
|    fps             | 60       |
|    time_elapsed    | 1738     |
|    total_timesteps | 105000   |
| train/             |          |
|    actor_loss      | -5.77    |
|    critic_loss     | 0.0136   |
|    ent_coef        | 0.0041   |
|    ent_coef_loss   | 0.144    |
|    learning_rate   | 0.0003   |
|    n_updates       | 99999    |
---------------------------------
---------------------------------
| rollout/           |          |
|    ep_len_mean     | 5e+03    |
|    ep_rew_mean     | -1.04    |
| time/              |          |
|    episodes        | 22       |
|    fps             | 60       |
|    time_elapsed    | 1827     |
|    total_timesteps | 110000   |
| train/             |          |
|    actor_loss      | -5.6     |
|    critic_loss     | 0.0234   |
|    ent_coef        | 0.00411  |
|    ent_coef_loss   | -0.428   |
|    learning_rate   | 0.0003   |
|    n_updates       | 104999   |
---------------------------------
---------------------------------
| rollout/           |          |
|    ep_len_mean     | 5e+03    |
|    ep_rew_mean     | 1.65     |
| time/              |          |
|    episodes        | 23       |
|    fps             | 60       |
|    time_elapsed    | 1915     |
|    total_timesteps | 115000   |
| train/             |          |
|    actor_loss      | -5.78    |
|    critic_loss     | 0.0226   |
|    ent_coef        | 0.0044   |
|    ent_coef_loss   | 1.45     |
|    learning_rate   | 0.0003   |
|    n_updates       | 109999   |
---------------------------------
---------------------------------
| rollout/           |          |
|    ep_len_mean     | 5e+03    |
|    ep_rew_mean     | 12.9     |
| time/              |          |
|    episodes        | 24       |
|    fps             | 59       |
|    time_elapsed    | 2002     |
|    total_timesteps | 120000   |
| train/             |          |
|    actor_loss      | -5.73    |
|    critic_loss     | 0.0139   |
|    ent_coef        | 0.0046   |
|    ent_coef_loss   | -2.13    |
|    learning_rate   | 0.0003   |
|    n_updates       | 114999   |
---------------------------------
---------------------------------
| rollout/           |          |
|    ep_len_mean     | 5e+03    |
|    ep_rew_mean     | 17.5     |
| time/              |          |
|    episodes        | 25       |
|    fps             | 59       |
|    time_elapsed    | 2090     |
|    total_timesteps | 125000   |
| train/             |          |
|    actor_loss      | -5.74    |
|    critic_loss     | 0.594    |
|    ent_coef        | 0.00476  |
|    ent_coef_loss   | -0.355   |
|    learning_rate   | 0.0003   |
|    n_updates       | 119999   |
---------------------------------
---------------------------------
| rollout/           |          |
|    ep_len_mean     | 5e+03    |
|    ep_rew_mean     | 23       |
| time/              |          |
|    episodes        | 26       |
|    fps             | 59       |
|    time_elapsed    | 2180     |
|    total_timesteps | 130000   |
| train/             |          |
|    actor_loss      | -6.14    |
|    critic_loss     | 0.0233   |
|    ent_coef        | 0.00528  |
|    ent_coef_loss   | 0.818    |
|    learning_rate   | 0.0003   |
|    n_updates       | 124999   |
---------------------------------
---------------------------------
| rollout/           |          |
|    ep_len_mean     | 5e+03    |
|    ep_rew_mean     | 23.4     |
| time/              |          |
|    episodes        | 27       |
|    fps             | 59       |
|    time_elapsed    | 2267     |
|    total_timesteps | 135000   |
| train/             |          |
|    actor_loss      | -6.36    |
|    critic_loss     | 0.0218   |
|    ent_coef        | 0.00515  |
|    ent_coef_loss   | -0.937   |
|    learning_rate   | 0.0003   |
|    n_updates       | 129999   |
---------------------------------
---------------------------------
| rollout/           |          |
|    ep_len_mean     | 5e+03    |
|    ep_rew_mean     | 25.1     |
| time/              |          |
|    episodes        | 28       |
|    fps             | 59       |
|    time_elapsed    | 2356     |
|    total_timesteps | 140000   |
| train/             |          |
|    actor_loss      | -6.29    |
|    critic_loss     | 0.0293   |
|    ent_coef        | 0.00503  |
|    ent_coef_loss   | -0.428   |
|    learning_rate   | 0.0003   |
|    n_updates       | 134999   |
---------------------------------
---------------------------------
| rollout/           |          |
|    ep_len_mean     | 5e+03    |
|    ep_rew_mean     | 23.9     |
| time/              |          |
|    episodes        | 29       |
|    fps             | 59       |
|    time_elapsed    | 2443     |
|    total_timesteps | 145000   |
| train/             |          |
|    actor_loss      | -6.57    |
|    critic_loss     | 0.0376   |
|    ent_coef        | 0.00507  |
|    ent_coef_loss   | 0.491    |
|    learning_rate   | 0.0003   |
|    n_updates       | 139999   |
---------------------------------
---------------------------------
| rollout/           |          |
|    ep_len_mean     | 5e+03    |
|    ep_rew_mean     | 18.5     |
| time/              |          |
|    episodes        | 30       |
|    fps             | 59       |
|    time_elapsed    | 2531     |
|    total_timesteps | 150000   |
| train/             |          |
|    actor_loss      | -6.56    |
|    critic_loss     | 0.0231   |
|    ent_coef        | 0.00532  |
|    ent_coef_loss   | -0.129   |
|    learning_rate   | 0.0003   |
|    n_updates       | 144999   |
---------------------------------
---------------------------------
| rollout/           |          |
|    ep_len_mean     | 5e+03    |
|    ep_rew_mean     | 20.2     |
| time/              |          |
|    episodes        | 31       |
|    fps             | 59       |
|    time_elapsed    | 2619     |
|    total_timesteps | 155000   |
| train/             |          |
|    actor_loss      | -6.73    |
|    critic_loss     | 0.0234   |
|    ent_coef        | 0.00484  |
|    ent_coef_loss   | -1.63    |
|    learning_rate   | 0.0003   |
|    n_updates       | 149999   |
---------------------------------
---------------------------------
| rollout/           |          |
|    ep_len_mean     | 5e+03    |
|    ep_rew_mean     | 10.5     |
| time/              |          |
|    episodes        | 32       |
|    fps             | 59       |
|    time_elapsed    | 2708     |
|    total_timesteps | 160000   |
| train/             |          |
|    actor_loss      | -6.75    |
|    critic_loss     | 0.019    |
|    ent_coef        | 0.00499  |
|    ent_coef_loss   | -1.12    |
|    learning_rate   | 0.0003   |
|    n_updates       | 154999   |
---------------------------------
---------------------------------
| rollout/           |          |
|    ep_len_mean     | 5e+03    |
|    ep_rew_mean     | 11.6     |
| time/              |          |
|    episodes        | 33       |
|    fps             | 58       |
|    time_elapsed    | 2796     |
|    total_timesteps | 165000   |
| train/             |          |
|    actor_loss      | -6.57    |
|    critic_loss     | 0.0255   |
|    ent_coef        | 0.00511  |
|    ent_coef_loss   | 2.45     |
|    learning_rate   | 0.0003   |
|    n_updates       | 159999   |
---------------------------------
---------------------------------
| rollout/           |          |
|    ep_len_mean     | 5e+03    |
|    ep_rew_mean     | 15.6     |
| time/              |          |
|    episodes        | 34       |
|    fps             | 58       |
|    time_elapsed    | 2885     |
|    total_timesteps | 170000   |
| train/             |          |
|    actor_loss      | -6.52    |
|    critic_loss     | 0.0281   |
|    ent_coef        | 0.00486  |
|    ent_coef_loss   | -0.344   |
|    learning_rate   | 0.0003   |
|    n_updates       | 164999   |
---------------------------------
---------------------------------
| rollout/           |          |
|    ep_len_mean     | 5e+03    |
|    ep_rew_mean     | 16.2     |
| time/              |          |
|    episodes        | 35       |
|    fps             | 58       |
|    time_elapsed    | 2973     |
|    total_timesteps | 175000   |
| train/             |          |
|    actor_loss      | -6.46    |
|    critic_loss     | 0.0218   |
|    ent_coef        | 0.00485  |
|    ent_coef_loss   | -0.194   |
|    learning_rate   | 0.0003   |
|    n_updates       | 169999   |
---------------------------------
---------------------------------
| rollout/           |          |
|    ep_len_mean     | 5e+03    |
|    ep_rew_mean     | 21.3     |
| time/              |          |
|    episodes        | 36       |
|    fps             | 58       |
|    time_elapsed    | 3061     |
|    total_timesteps | 180000   |
| train/             |          |
|    actor_loss      | -6.31    |
|    critic_loss     | 0.0308   |
|    ent_coef        | 0.00463  |
|    ent_coef_loss   | -1.34    |
|    learning_rate   | 0.0003   |
|    n_updates       | 174999   |
---------------------------------
---------------------------------
| rollout/           |          |
|    ep_len_mean     | 5e+03    |
|    ep_rew_mean     | 26.7     |
| time/              |          |
|    episodes        | 37       |
|    fps             | 58       |
|    time_elapsed    | 3150     |
|    total_timesteps | 185000   |
| train/             |          |
|    actor_loss      | -6.06    |
|    critic_loss     | 0.0142   |
|    ent_coef        | 0.00485  |
|    ent_coef_loss   | 0.622    |
|    learning_rate   | 0.0003   |
|    n_updates       | 179999   |
---------------------------------
---------------------------------
| rollout/           |          |
|    ep_len_mean     | 5e+03    |
|    ep_rew_mean     | 29.7     |
| time/              |          |
|    episodes        | 38       |
|    fps             | 58       |
|    time_elapsed    | 3239     |
|    total_timesteps | 190000   |
| train/             |          |
|    actor_loss      | -6.19    |
|    critic_loss     | 0.0183   |
|    ent_coef        | 0.00475  |
|    ent_coef_loss   | -0.672   |
|    learning_rate   | 0.0003   |
|    n_updates       | 184999   |
---------------------------------
---------------------------------
| rollout/           |          |
|    ep_len_mean     | 5e+03    |
|    ep_rew_mean     | 29.1     |
| time/              |          |
|    episodes        | 39       |
|    fps             | 58       |
|    time_elapsed    | 3327     |
|    total_timesteps | 195000   |
| train/             |          |
|    actor_loss      | -5.96    |
|    critic_loss     | 0.32     |
|    ent_coef        | 0.00464  |
|    ent_coef_loss   | -0.519   |
|    learning_rate   | 0.0003   |
|    n_updates       | 189999   |
---------------------------------
---------------------------------
| rollout/           |          |
|    ep_len_mean     | 5e+03    |
|    ep_rew_mean     | 29.5     |
| time/              |          |
|    episodes        | 40       |
|    fps             | 58       |
|    time_elapsed    | 3428     |
|    total_timesteps | 200000   |
| train/             |          |
|    actor_loss      | -5.88    |
|    critic_loss     | 0.0228   |
|    ent_coef        | 0.00455  |
|    ent_coef_loss   | 1.83     |
|    learning_rate   | 0.0003   |
|    n_updates       | 194999   |
---------------------------------
