{
  "scenario": "random_persistent_open",
  "legacy_fixed_graph": false,
  "seed": 2,
  "steps": 2000,
  "episodes": 2,
  "gradient_steps": 1700,
  "actor_updates": 1700,
  "critic_updates": 1700,
  "accepted_actor_samples": 100515,
  "total_reward": -406.6195830850275,
  "aggregate_metrics": {
    "total_steps": 2000,
    "total_reward": -406.6195830850275,
    "tasks_completed": 0,
    "tasks_per_1000_steps": 0.0,
    "task_completion_count": 0,
    "task_completion_steps": [],
    "mean_task_completion_steps": null,
    "voluntary_station_arrivals": 0,
    "backup_recovery_count": 8,
    "backup_rate": 0.004,
    "charging_visits": 1,
    "charging_steps": 7,
    "charging_fraction": 0.0035,
    "energy_charged": 2.800000000000001,
    "departure_attempts": 0,
    "departure_rejections": 0,
    "generator_accepted_steps": 1617,
    "generator_acceptance_rate": 0.8085,
    "no_generator_steps": 7,
    "no_generator_rate": 0.0035,
    "energy_consumed": 24.12747039827523,
    "energy_per_task": 24.12747039827523,
    "minimum_energy_margin": 0.9965556203647159,
    "collision_count": 0,
    "energy_depletion_count": 0,
    "uncertified_publication_count": 0,
    "invalid_kappa_fallback_count": 1,
    "rl_generator_steps": 1617,
    "rl_generator_fraction": 0.8085,
    "kappa_backup_steps": 383,
    "kappa_backup_fraction": 0.1915,
    "charger_constrained_steps": 0,
    "charger_constrained_fraction": 0.0,
    "fail_closed_steps": 0,
    "fail_closed_fraction": 0.0,
    "accepted_into_kappa_only_count": 0,
    "total_goal_progress": -1.136836045200626,
    "fraction_steps_progressing_to_goal": 0.491,
    "mean_goal_progress_per_step": -0.000568418022600313,
    "energy_margin_at_backup": [
      0.9965556203647159,
      2.027074995507055,
      2.4150330710669583,
      2.802991146626862,
      3.1909492221867657,
      3.578907297746669,
      3.9668653733065726,
      4.354823448866476
    ],
    "energy_margin_at_station_approach": [],
    "energy_on_station_arrival": [
      2.877574995507055
    ],
    "energy_on_departure": [],
    "charge_durations": []
  },
  "last_episode_metrics": {
    "episode_id": 1,
    "episode_seed": 3,
    "start_position": [
      3.147722176034855,
      3.209879508359279,
      1.0003395732398557
    ],
    "initial_goal": [
      1.7637268116298799,
      0.49909821462890974,
      1.0
    ],
    "steps": 371,
    "return": -4.069801681160319,
    "tasks_completed": 0,
    "voluntary_station_arrivals": 0,
    "backup_recoveries": 0,
    "charging_visits": 0,
    "charging_steps": 0,
    "generator_accepted_steps": 371,
    "no_generator_steps": 0,
    "minimum_energy_margin": 12.42734541048012,
    "collision_count": 0,
    "energy_depletion_count": 0,
    "uncertified_publication_count": 0,
    "invalid_kappa_fallback_count": 0,
    "goal_progress": 0.08695197285812739,
    "goal_sequence": [
      [
        1.7637268116298799,
        0.49909821462890974,
        1.0
      ]
    ],
    "terminated": false,
    "truncated": false,
    "partial": true
  },
  "last_update": {
    "critic_loss_1": 5.633070468902588,
    "critic_loss_2": 5.797341823577881,
    "actor_loss": 77.7082290649414,
    "alpha_loss": -1.6550464630126953,
    "alpha": 1.6617345809936523,
    "mean_log_prob": 6.26072359085083,
    "mean_log_det_G": -8.274443626403809,
    "mean_tanh_log_jacobian": -1.7450346946716309,
    "q_value_exec": -60.58788299560547,
    "accepted_batch_count": 53,
    "fallback_batch_count": 11,
    "accepted_batch_fraction": 0.828125,
    "actor_status": "updated",
    "critic_gradient_norm": 37.338356018066406,
    "actor_gradient_norm": 0.9064183831214905,
    "generator_target_count": 53,
    "fallback_target_count": 11,
    "target_batch_count": 64,
    "rl_generator_target_count": 53,
    "charger_target_count": 0,
    "kappa_target_count": 11,
    "charger_atomic_target_count": 0,
    "fail_closed_target_count": 0
  },
  "artifact_paths": {
    "episodes": "artifacts/task_authority_smoke_open_seed2/episodes.jsonl",
    "learning_curve": "artifacts/task_authority_smoke_open_seed2/learning_curve.jsonl",
    "trajectory_events": "artifacts/task_authority_smoke_open_seed2/trajectory_events.jsonl",
    "checkpoint": "artifacts/task_authority_smoke_open_seed2/checkpoint_latest.pt"
  },
  "synthetic_only": true
}
