{
  "scenario": "random_persistent_open",
  "legacy_fixed_graph": false,
  "seed": 0,
  "temperature_coordinate": "physical",
  "steps": 2000,
  "episodes": 1,
  "gradient_steps": 1700,
  "actor_updates": 1700,
  "critic_updates": 1700,
  "accepted_actor_samples": 106867,
  "total_reward": -24.10144997242185,
  "aggregate_metrics": {
    "total_steps": 2000,
    "total_reward": -24.10144997242185,
    "tasks_completed": 0,
    "tasks_per_1000_steps": 0.0,
    "task_completion_count": 0,
    "task_completion_steps": [],
    "mean_task_completion_steps": null,
    "voluntary_station_arrivals": 0,
    "backup_recovery_count": 1,
    "backup_intervention_reward_events": 1,
    "backup_rate": 0.0005,
    "charging_visits": 0,
    "charging_steps": 0,
    "charging_fraction": 0.0,
    "energy_charged": 0.0,
    "departure_attempts": 0,
    "departure_rejections": 0,
    "generator_accepted_steps": 1666,
    "generator_acceptance_rate": 0.833,
    "no_generator_steps": 0,
    "no_generator_rate": 0.0,
    "energy_consumed": 24.11573862049239,
    "energy_per_task": 24.11573862049239,
    "minimum_energy_margin": 0.9922069100131923,
    "collision_count": 0,
    "energy_depletion_count": 0,
    "uncertified_publication_count": 0,
    "invalid_kappa_fallback_count": 0,
    "rl_generator_steps": 1666,
    "rl_generator_fraction": 0.833,
    "kappa_backup_steps": 334,
    "kappa_backup_fraction": 0.167,
    "charger_constrained_steps": 0,
    "charger_constrained_fraction": 0.0,
    "fail_closed_steps": 0,
    "fail_closed_fraction": 0.0,
    "accepted_into_kappa_only_count": 0,
    "total_goal_progress": -0.6898761103726022,
    "fraction_steps_progressing_to_goal": 0.523,
    "mean_goal_progress_per_step": -0.0003449380551863011,
    "energy_margin_at_backup": [
      0.9922069100131923
    ],
    "energy_margin_at_station_approach": [],
    "energy_on_station_arrival": [],
    "energy_on_departure": [],
    "charge_durations": []
  },
  "last_episode_metrics": {
    "episode_id": 0,
    "episode_seed": 0,
    "start_position": [
      3.0182927191790676,
      3.14340565079015,
      0.9980018231649512
    ],
    "initial_goal": [
      2.047485618695409,
      2.2556794496354744,
      1.0
    ],
    "steps": 2000,
    "return": -24.10144997242185,
    "tasks_completed": 0,
    "voluntary_station_arrivals": 0,
    "backup_recoveries": 1,
    "backup_intervention_reward_events": 1,
    "kappa_backup_steps": 334,
    "charging_visits": 0,
    "charging_steps": 0,
    "generator_accepted_steps": 1666,
    "no_generator_steps": 0,
    "minimum_energy_margin": 0.9922069100131923,
    "collision_count": 0,
    "energy_depletion_count": 0,
    "uncertified_publication_count": 0,
    "invalid_kappa_fallback_count": 0,
    "goal_progress": -0.6898761103726022,
    "goal_sequence": [
      [
        2.047485618695409,
        2.2556794496354744,
        1.0
      ]
    ],
    "terminated": false,
    "truncated": false,
    "partial": true
  },
  "last_update": {
    "critic_loss_1": 3.435649871826172,
    "critic_loss_2": 3.447829008102417,
    "actor_loss": 76.90616607666016,
    "alpha_loss": -1.655350923538208,
    "alpha": 1.6621795892715454,
    "mean_log_prob": 6.259650230407715,
    "mean_log_det_G": -8.295636177062988,
    "mean_tanh_log_jacobian": -1.833256483078003,
    "temperature_coordinate": "physical",
    "q_value_exec": -59.665897369384766,
    "accepted_batch_count": 51,
    "fallback_batch_count": 13,
    "accepted_batch_fraction": 0.796875,
    "actor_status": "updated",
    "critic_gradient_norm": 23.786880493164062,
    "actor_gradient_norm": 1.1234657764434814,
    "mean_reward": -0.012181422606940313,
    "mean_bellman_target": -59.55200958251953,
    "mean_td_error": 0.11389374732971191,
    "mean_log_prob_u": -3.8692426681518555,
    "mean_negative_tanh_log_jacobian": 1.833256483078003,
    "mean_negative_log_det_G": 8.295636177062988,
    "mean_normalized_log_prob": -2.0359857082366943,
    "entropy_target_residual": 3.259650707244873,
    "physical_entropy_target_residual": 3.259650707244873,
    "normalized_entropy_target_residual": -5.035986423492432,
    "alpha_gradient": -3.259650707244873,
    "mean_u": 0.07246065139770508,
    "std_u": 0.8736031651496887,
    "mean_abs_u": 0.7082780599594116,
    "max_abs_u": 2.148050308227539,
    "mean_eta": 0.04235890507698059,
    "std_eta": 0.5938173532485962,
    "eta_abs_gt_090": 0.0784313753247261,
    "eta_abs_gt_095": 0.04575163498520851,
    "eta_abs_gt_099": 0.0,
    "u_abs_gt_2": 0.026143791154026985,
    "u_abs_gt_3": 0.0,
    "u_abs_gt_5": 0.0,
    "generator_target_count": 51,
    "fallback_target_count": 13,
    "target_batch_count": 64,
    "rl_generator_target_count": 51,
    "charger_target_count": 0,
    "kappa_target_count": 13,
    "charger_atomic_target_count": 0,
    "fail_closed_target_count": 0
  },
  "artifact_paths": {
    "episodes": "artifacts/temp_compare_physical_seed0/episodes.jsonl",
    "learning_curve": "artifacts/temp_compare_physical_seed0/learning_curve.jsonl",
    "trajectory_events": "artifacts/temp_compare_physical_seed0/trajectory_events.jsonl",
    "checkpoint": "artifacts/temp_compare_physical_seed0/checkpoint_latest.pt"
  },
  "synthetic_only": true
}
