Using cpu device
Wrapping the env in a DummyVecEnv.
Logging to artifacts/phase1_sb3_sac_200k/seed2/sb3_logger
---------------------------------
| rollout/           |          |
|    ep_len_mean     | 5e+03    |
|    ep_rew_mean     | -468     |
| time/              |          |
|    episodes        | 1        |
|    fps             | 1210     |
|    time_elapsed    | 4        |
|    total_timesteps | 5000     |
---------------------------------
---------------------------------
| rollout/           |          |
|    ep_len_mean     | 5e+03    |
|    ep_rew_mean     | -336     |
| time/              |          |
|    episodes        | 2        |
|    fps             | 101      |
|    time_elapsed    | 98       |
|    total_timesteps | 10000    |
| train/             |          |
|    actor_loss      | -20.4    |
|    critic_loss     | 0.102    |
|    ent_coef        | 0.226    |
|    ent_coef_loss   | -6.83    |
|    learning_rate   | 0.0003   |
|    n_updates       | 4999     |
---------------------------------
---------------------------------
| rollout/           |          |
|    ep_len_mean     | 5e+03    |
|    ep_rew_mean     | -237     |
| time/              |          |
|    episodes        | 3        |
|    fps             | 83       |
|    time_elapsed    | 178      |
|    total_timesteps | 15000    |
| train/             |          |
|    actor_loss      | -21.1    |
|    critic_loss     | 0.403    |
|    ent_coef        | 0.055    |
|    ent_coef_loss   | -10.1    |
|    learning_rate   | 0.0003   |
|    n_updates       | 9999     |
---------------------------------
---------------------------------
| rollout/           |          |
|    ep_len_mean     | 5e+03    |
|    ep_rew_mean     | -187     |
| time/              |          |
|    episodes        | 4        |
|    fps             | 76       |
|    time_elapsed    | 259      |
|    total_timesteps | 20000    |
| train/             |          |
|    actor_loss      | -19      |
|    critic_loss     | 0.042    |
|    ent_coef        | 0.015    |
|    ent_coef_loss   | -4.57    |
|    learning_rate   | 0.0003   |
|    n_updates       | 14999    |
---------------------------------
---------------------------------
| rollout/           |          |
|    ep_len_mean     | 5e+03    |
|    ep_rew_mean     | -153     |
| time/              |          |
|    episodes        | 5        |
|    fps             | 72       |
|    time_elapsed    | 346      |
|    total_timesteps | 25000    |
| train/             |          |
|    actor_loss      | -17.2    |
|    critic_loss     | 0.0227   |
|    ent_coef        | 0.00646  |
|    ent_coef_loss   | -1.56    |
|    learning_rate   | 0.0003   |
|    n_updates       | 19999    |
---------------------------------
---------------------------------
| rollout/           |          |
|    ep_len_mean     | 5e+03    |
|    ep_rew_mean     | -131     |
| time/              |          |
|    episodes        | 6        |
|    fps             | 69       |
|    time_elapsed    | 430      |
|    total_timesteps | 30000    |
| train/             |          |
|    actor_loss      | -15.4    |
|    critic_loss     | 0.0382   |
|    ent_coef        | 0.00604  |
|    ent_coef_loss   | 1.88     |
|    learning_rate   | 0.0003   |
|    n_updates       | 24999    |
---------------------------------
---------------------------------
| rollout/           |          |
|    ep_len_mean     | 5e+03    |
|    ep_rew_mean     | -117     |
| time/              |          |
|    episodes        | 7        |
|    fps             | 68       |
|    time_elapsed    | 512      |
|    total_timesteps | 35000    |
| train/             |          |
|    actor_loss      | -12.7    |
|    critic_loss     | 0.0201   |
|    ent_coef        | 0.00404  |
|    ent_coef_loss   | -2.57    |
|    learning_rate   | 0.0003   |
|    n_updates       | 29999    |
---------------------------------
---------------------------------
| rollout/           |          |
|    ep_len_mean     | 5e+03    |
|    ep_rew_mean     | -106     |
| time/              |          |
|    episodes        | 8        |
|    fps             | 67       |
|    time_elapsed    | 594      |
|    total_timesteps | 40000    |
| train/             |          |
|    actor_loss      | -11.1    |
|    critic_loss     | 0.00927  |
|    ent_coef        | 0.0037   |
|    ent_coef_loss   | -0.306   |
|    learning_rate   | 0.0003   |
|    n_updates       | 34999    |
---------------------------------
---------------------------------
| rollout/           |          |
|    ep_len_mean     | 5e+03    |
|    ep_rew_mean     | -96.1    |
| time/              |          |
|    episodes        | 9        |
|    fps             | 66       |
|    time_elapsed    | 677      |
|    total_timesteps | 45000    |
| train/             |          |
|    actor_loss      | -9.79    |
|    critic_loss     | 0.00823  |
|    ent_coef        | 0.00364  |
|    ent_coef_loss   | 1.26     |
|    learning_rate   | 0.0003   |
|    n_updates       | 39999    |
---------------------------------
---------------------------------
| rollout/           |          |
|    ep_len_mean     | 5e+03    |
|    ep_rew_mean     | -89.7    |
| time/              |          |
|    episodes        | 10       |
|    fps             | 64       |
|    time_elapsed    | 770      |
|    total_timesteps | 50000    |
| train/             |          |
|    actor_loss      | -8.43    |
|    critic_loss     | 0.00985  |
|    ent_coef        | 0.00441  |
|    ent_coef_loss   | -1.08    |
|    learning_rate   | 0.0003   |
|    n_updates       | 44999    |
---------------------------------
---------------------------------
| rollout/           |          |
|    ep_len_mean     | 5e+03    |
|    ep_rew_mean     | -82.2    |
| time/              |          |
|    episodes        | 11       |
|    fps             | 64       |
|    time_elapsed    | 857      |
|    total_timesteps | 55000    |
| train/             |          |
|    actor_loss      | -7.89    |
|    critic_loss     | 0.0196   |
|    ent_coef        | 0.00418  |
|    ent_coef_loss   | 1.28     |
|    learning_rate   | 0.0003   |
|    n_updates       | 49999    |
---------------------------------
---------------------------------
| rollout/           |          |
|    ep_len_mean     | 5e+03    |
|    ep_rew_mean     | -75.2    |
| time/              |          |
|    episodes        | 12       |
|    fps             | 63       |
|    time_elapsed    | 944      |
|    total_timesteps | 60000    |
| train/             |          |
|    actor_loss      | -7.61    |
|    critic_loss     | 0.0106   |
|    ent_coef        | 0.00333  |
|    ent_coef_loss   | 0.0405   |
|    learning_rate   | 0.0003   |
|    n_updates       | 54999    |
---------------------------------
---------------------------------
| rollout/           |          |
|    ep_len_mean     | 5e+03    |
|    ep_rew_mean     | -66.5    |
| time/              |          |
|    episodes        | 13       |
|    fps             | 62       |
|    time_elapsed    | 1032     |
|    total_timesteps | 65000    |
| train/             |          |
|    actor_loss      | -7.12    |
|    critic_loss     | 0.0306   |
|    ent_coef        | 0.00393  |
|    ent_coef_loss   | 1.64     |
|    learning_rate   | 0.0003   |
|    n_updates       | 59999    |
---------------------------------
---------------------------------
| rollout/           |          |
|    ep_len_mean     | 5e+03    |
|    ep_rew_mean     | -63.1    |
| time/              |          |
|    episodes        | 14       |
|    fps             | 62       |
|    time_elapsed    | 1122     |
|    total_timesteps | 70000    |
| train/             |          |
|    actor_loss      | -6.55    |
|    critic_loss     | 0.02     |
|    ent_coef        | 0.00404  |
|    ent_coef_loss   | 0.126    |
|    learning_rate   | 0.0003   |
|    n_updates       | 64999    |
---------------------------------
---------------------------------
| rollout/           |          |
|    ep_len_mean     | 5e+03    |
|    ep_rew_mean     | -59.7    |
| time/              |          |
|    episodes        | 15       |
|    fps             | 61       |
|    time_elapsed    | 1210     |
|    total_timesteps | 75000    |
| train/             |          |
|    actor_loss      | -5.92    |
|    critic_loss     | 0.0154   |
|    ent_coef        | 0.00348  |
|    ent_coef_loss   | -0.252   |
|    learning_rate   | 0.0003   |
|    n_updates       | 69999    |
---------------------------------
---------------------------------
| rollout/           |          |
|    ep_len_mean     | 5e+03    |
|    ep_rew_mean     | -52.9    |
| time/              |          |
|    episodes        | 16       |
|    fps             | 61       |
|    time_elapsed    | 1298     |
|    total_timesteps | 80000    |
| train/             |          |
|    actor_loss      | -5.72    |
|    critic_loss     | 0.0165   |
|    ent_coef        | 0.00347  |
|    ent_coef_loss   | -0.472   |
|    learning_rate   | 0.0003   |
|    n_updates       | 74999    |
---------------------------------
---------------------------------
| rollout/           |          |
|    ep_len_mean     | 5e+03    |
|    ep_rew_mean     | -47.5    |
| time/              |          |
|    episodes        | 17       |
|    fps             | 61       |
|    time_elapsed    | 1384     |
|    total_timesteps | 85000    |
| train/             |          |
|    actor_loss      | -5.44    |
|    critic_loss     | 0.00953  |
|    ent_coef        | 0.00378  |
|    ent_coef_loss   | 0.709    |
|    learning_rate   | 0.0003   |
|    n_updates       | 79999    |
---------------------------------
---------------------------------
| rollout/           |          |
|    ep_len_mean     | 5e+03    |
|    ep_rew_mean     | -43.3    |
| time/              |          |
|    episodes        | 18       |
|    fps             | 61       |
|    time_elapsed    | 1472     |
|    total_timesteps | 90000    |
| train/             |          |
|    actor_loss      | -5.7     |
|    critic_loss     | 0.0113   |
|    ent_coef        | 0.00376  |
|    ent_coef_loss   | 3.81     |
|    learning_rate   | 0.0003   |
|    n_updates       | 84999    |
---------------------------------
---------------------------------
| rollout/           |          |
|    ep_len_mean     | 5e+03    |
|    ep_rew_mean     | -41      |
| time/              |          |
|    episodes        | 19       |
|    fps             | 60       |
|    time_elapsed    | 1559     |
|    total_timesteps | 95000    |
| train/             |          |
|    actor_loss      | -5.66    |
|    critic_loss     | 0.782    |
|    ent_coef        | 0.00391  |
|    ent_coef_loss   | -2.41    |
|    learning_rate   | 0.0003   |
|    n_updates       | 89999    |
---------------------------------
---------------------------------
| rollout/           |          |
|    ep_len_mean     | 5e+03    |
|    ep_rew_mean     | -36.6    |
| time/              |          |
|    episodes        | 20       |
|    fps             | 60       |
|    time_elapsed    | 1655     |
|    total_timesteps | 100000   |
| train/             |          |
|    actor_loss      | -5.58    |
|    critic_loss     | 0.00714  |
|    ent_coef        | 0.00365  |
|    ent_coef_loss   | -1.26    |
|    learning_rate   | 0.0003   |
|    n_updates       | 94999    |
---------------------------------
---------------------------------
| rollout/           |          |
|    ep_len_mean     | 5e+03    |
|    ep_rew_mean     | -37.8    |
| time/              |          |
|    episodes        | 21       |
|    fps             | 60       |
|    time_elapsed    | 1742     |
|    total_timesteps | 105000   |
| train/             |          |
|    actor_loss      | -6.08    |
|    critic_loss     | 0.0106   |
|    ent_coef        | 0.00434  |
|    ent_coef_loss   | -0.748   |
|    learning_rate   | 0.0003   |
|    n_updates       | 99999    |
---------------------------------
---------------------------------
| rollout/           |          |
|    ep_len_mean     | 5e+03    |
|    ep_rew_mean     | -39      |
| time/              |          |
|    episodes        | 22       |
|    fps             | 60       |
|    time_elapsed    | 1831     |
|    total_timesteps | 110000   |
| train/             |          |
|    actor_loss      | -5.96    |
|    critic_loss     | 0.703    |
|    ent_coef        | 0.00453  |
|    ent_coef_loss   | -0.671   |
|    learning_rate   | 0.0003   |
|    n_updates       | 104999   |
---------------------------------
---------------------------------
| rollout/           |          |
|    ep_len_mean     | 5e+03    |
|    ep_rew_mean     | -38.8    |
| time/              |          |
|    episodes        | 23       |
|    fps             | 59       |
|    time_elapsed    | 1918     |
|    total_timesteps | 115000   |
| train/             |          |
|    actor_loss      | -6.33    |
|    critic_loss     | 0.0093   |
|    ent_coef        | 0.00476  |
|    ent_coef_loss   | 2.81     |
|    learning_rate   | 0.0003   |
|    n_updates       | 109999   |
---------------------------------
---------------------------------
| rollout/           |          |
|    ep_len_mean     | 5e+03    |
|    ep_rew_mean     | -37.8    |
| time/              |          |
|    episodes        | 24       |
|    fps             | 59       |
|    time_elapsed    | 2005     |
|    total_timesteps | 120000   |
| train/             |          |
|    actor_loss      | -6.34    |
|    critic_loss     | 0.0178   |
|    ent_coef        | 0.00465  |
|    ent_coef_loss   | 1.87     |
|    learning_rate   | 0.0003   |
|    n_updates       | 114999   |
---------------------------------
---------------------------------
| rollout/           |          |
|    ep_len_mean     | 5e+03    |
|    ep_rew_mean     | -37.8    |
| time/              |          |
|    episodes        | 25       |
|    fps             | 59       |
|    time_elapsed    | 2093     |
|    total_timesteps | 125000   |
| train/             |          |
|    actor_loss      | -6.18    |
|    critic_loss     | 0.0157   |
|    ent_coef        | 0.00448  |
|    ent_coef_loss   | 6.46     |
|    learning_rate   | 0.0003   |
|    n_updates       | 119999   |
---------------------------------
---------------------------------
| rollout/           |          |
|    ep_len_mean     | 5e+03    |
|    ep_rew_mean     | -35.9    |
| time/              |          |
|    episodes        | 26       |
|    fps             | 59       |
|    time_elapsed    | 2182     |
|    total_timesteps | 130000   |
| train/             |          |
|    actor_loss      | -6.16    |
|    critic_loss     | 0.0101   |
|    ent_coef        | 0.00413  |
|    ent_coef_loss   | 0.132    |
|    learning_rate   | 0.0003   |
|    n_updates       | 124999   |
---------------------------------
---------------------------------
| rollout/           |          |
|    ep_len_mean     | 5e+03    |
|    ep_rew_mean     | -33.6    |
| time/              |          |
|    episodes        | 27       |
|    fps             | 59       |
|    time_elapsed    | 2272     |
|    total_timesteps | 135000   |
| train/             |          |
|    actor_loss      | -6.12    |
|    critic_loss     | 0.0093   |
|    ent_coef        | 0.00439  |
|    ent_coef_loss   | -1.11    |
|    learning_rate   | 0.0003   |
|    n_updates       | 129999   |
---------------------------------
---------------------------------
| rollout/           |          |
|    ep_len_mean     | 5e+03    |
|    ep_rew_mean     | -34.3    |
| time/              |          |
|    episodes        | 28       |
|    fps             | 59       |
|    time_elapsed    | 2361     |
|    total_timesteps | 140000   |
| train/             |          |
|    actor_loss      | -6.26    |
|    critic_loss     | 0.0261   |
|    ent_coef        | 0.0042   |
|    ent_coef_loss   | 1.74     |
|    learning_rate   | 0.0003   |
|    n_updates       | 134999   |
---------------------------------
---------------------------------
| rollout/           |          |
|    ep_len_mean     | 5e+03    |
|    ep_rew_mean     | -34.1    |
| time/              |          |
|    episodes        | 29       |
|    fps             | 59       |
|    time_elapsed    | 2449     |
|    total_timesteps | 145000   |
| train/             |          |
|    actor_loss      | -6.25    |
|    critic_loss     | 0.0175   |
|    ent_coef        | 0.00444  |
|    ent_coef_loss   | 0.363    |
|    learning_rate   | 0.0003   |
|    n_updates       | 139999   |
---------------------------------
---------------------------------
| rollout/           |          |
|    ep_len_mean     | 5e+03    |
|    ep_rew_mean     | -33.4    |
| time/              |          |
|    episodes        | 30       |
|    fps             | 59       |
|    time_elapsed    | 2539     |
|    total_timesteps | 150000   |
| train/             |          |
|    actor_loss      | -6.17    |
|    critic_loss     | 0.0115   |
|    ent_coef        | 0.0041   |
|    ent_coef_loss   | 0.416    |
|    learning_rate   | 0.0003   |
|    n_updates       | 144999   |
---------------------------------
---------------------------------
| rollout/           |          |
|    ep_len_mean     | 5e+03    |
|    ep_rew_mean     | -29.5    |
| time/              |          |
|    episodes        | 31       |
|    fps             | 58       |
|    time_elapsed    | 2628     |
|    total_timesteps | 155000   |
| train/             |          |
|    actor_loss      | -5.96    |
|    critic_loss     | 0.0267   |
|    ent_coef        | 0.00379  |
|    ent_coef_loss   | 0.0453   |
|    learning_rate   | 0.0003   |
|    n_updates       | 149999   |
---------------------------------
---------------------------------
| rollout/           |          |
|    ep_len_mean     | 5e+03    |
|    ep_rew_mean     | -28      |
| time/              |          |
|    episodes        | 32       |
|    fps             | 58       |
|    time_elapsed    | 2716     |
|    total_timesteps | 160000   |
| train/             |          |
|    actor_loss      | -5.63    |
|    critic_loss     | 0.47     |
|    ent_coef        | 0.00379  |
|    ent_coef_loss   | -0.699   |
|    learning_rate   | 0.0003   |
|    n_updates       | 154999   |
---------------------------------
---------------------------------
| rollout/           |          |
|    ep_len_mean     | 5e+03    |
|    ep_rew_mean     | -25.4    |
| time/              |          |
|    episodes        | 33       |
|    fps             | 58       |
|    time_elapsed    | 2805     |
|    total_timesteps | 165000   |
| train/             |          |
|    actor_loss      | -5.73    |
|    critic_loss     | 0.00932  |
|    ent_coef        | 0.00405  |
|    ent_coef_loss   | -0.245   |
|    learning_rate   | 0.0003   |
|    n_updates       | 159999   |
---------------------------------
---------------------------------
| rollout/           |          |
|    ep_len_mean     | 5e+03    |
|    ep_rew_mean     | -25      |
| time/              |          |
|    episodes        | 34       |
|    fps             | 58       |
|    time_elapsed    | 2894     |
|    total_timesteps | 170000   |
| train/             |          |
|    actor_loss      | -5.46    |
|    critic_loss     | 0.0134   |
|    ent_coef        | 0.0038   |
|    ent_coef_loss   | 0.926    |
|    learning_rate   | 0.0003   |
|    n_updates       | 164999   |
---------------------------------
---------------------------------
| rollout/           |          |
|    ep_len_mean     | 5e+03    |
|    ep_rew_mean     | -23.8    |
| time/              |          |
|    episodes        | 35       |
|    fps             | 58       |
|    time_elapsed    | 2982     |
|    total_timesteps | 175000   |
| train/             |          |
|    actor_loss      | -5.43    |
|    critic_loss     | 0.0167   |
|    ent_coef        | 0.00374  |
|    ent_coef_loss   | 1.03     |
|    learning_rate   | 0.0003   |
|    n_updates       | 169999   |
---------------------------------
---------------------------------
| rollout/           |          |
|    ep_len_mean     | 5e+03    |
|    ep_rew_mean     | -23.7    |
| time/              |          |
|    episodes        | 36       |
|    fps             | 58       |
|    time_elapsed    | 3070     |
|    total_timesteps | 180000   |
| train/             |          |
|    actor_loss      | -5.63    |
|    critic_loss     | 0.0112   |
|    ent_coef        | 0.00385  |
|    ent_coef_loss   | -0.309   |
|    learning_rate   | 0.0003   |
|    n_updates       | 174999   |
---------------------------------
---------------------------------
| rollout/           |          |
|    ep_len_mean     | 5e+03    |
|    ep_rew_mean     | -22.5    |
| time/              |          |
|    episodes        | 37       |
|    fps             | 58       |
|    time_elapsed    | 3158     |
|    total_timesteps | 185000   |
| train/             |          |
|    actor_loss      | -5.29    |
|    critic_loss     | 0.0107   |
|    ent_coef        | 0.00359  |
|    ent_coef_loss   | -1.42    |
|    learning_rate   | 0.0003   |
|    n_updates       | 179999   |
---------------------------------
---------------------------------
| rollout/           |          |
|    ep_len_mean     | 5e+03    |
|    ep_rew_mean     | -22.1    |
| time/              |          |
|    episodes        | 38       |
|    fps             | 58       |
|    time_elapsed    | 3246     |
|    total_timesteps | 190000   |
| train/             |          |
|    actor_loss      | -5.16    |
|    critic_loss     | 0.0193   |
|    ent_coef        | 0.00355  |
|    ent_coef_loss   | -1.51    |
|    learning_rate   | 0.0003   |
|    n_updates       | 184999   |
---------------------------------
---------------------------------
| rollout/           |          |
|    ep_len_mean     | 5e+03    |
|    ep_rew_mean     | -20.1    |
| time/              |          |
|    episodes        | 39       |
|    fps             | 58       |
|    time_elapsed    | 3335     |
|    total_timesteps | 195000   |
| train/             |          |
|    actor_loss      | -4.95    |
|    critic_loss     | 0.0109   |
|    ent_coef        | 0.00351  |
|    ent_coef_loss   | -0.362   |
|    learning_rate   | 0.0003   |
|    n_updates       | 189999   |
---------------------------------
---------------------------------
| rollout/           |          |
|    ep_len_mean     | 5e+03    |
|    ep_rew_mean     | -17      |
| time/              |          |
|    episodes        | 40       |
|    fps             | 58       |
|    time_elapsed    | 3435     |
|    total_timesteps | 200000   |
| train/             |          |
|    actor_loss      | -5.06    |
|    critic_loss     | 0.0084   |
|    ent_coef        | 0.00382  |
|    ent_coef_loss   | -1.13    |
|    learning_rate   | 0.0003   |
|    n_updates       | 194999   |
---------------------------------
